Archive member included to satisfy reference by file (symbol)

c:/users/84935/stm32f103c8t6/tools/gcc-arm-none-eabi-10.3-2021.10-win32/gcc-arm-none-eabi-10.3-2021.10/bin/../lib/gcc/arm-none-eabi/10.3.1/../../../../arm-none-eabi/lib/thumb/v7-m/nofp\libc_nano.a(lib_a-atoi.o)
                              build/main.o (atoi)
c:/users/84935/stm32f103c8t6/tools/gcc-arm-none-eabi-10.3-2021.10-win32/gcc-arm-none-eabi-10.3-2021.10/bin/../lib/gcc/arm-none-eabi/10.3.1/../../../../arm-none-eabi/lib/thumb/v7-m/nofp\libc_nano.a(lib_a-exit.o)
                              c:/users/84935/stm32f103c8t6/tools/gcc-arm-none-eabi-10.3-2021.10-win32/gcc-arm-none-eabi-10.3-2021.10/bin/../lib/gcc/arm-none-eabi/10.3.1/../../../../arm-none-eabi/lib/thumb/v7-m/nofp/crt0.o (exit)
c:/users/84935/stm32f103c8t6/tools/gcc-arm-none-eabi-10.3-2021.10-win32/gcc-arm-none-eabi-10.3-2021.10/bin/../lib/gcc/arm-none-eabi/10.3.1/../../../../arm-none-eabi/lib/thumb/v7-m/nofp\libc_nano.a(lib_a-impure.o)
                              c:/users/84935/stm32f103c8t6/tools/gcc-arm-none-eabi-10.3-2021.10-win32/gcc-arm-none-eabi-10.3-2021.10/bin/../lib/gcc/arm-none-eabi/10.3.1/../../../../arm-none-eabi/lib/thumb/v7-m/nofp\libc_nano.a(lib_a-exit.o) (_global_impure_ptr)
c:/users/84935/stm32f103c8t6/tools/gcc-arm-none-eabi-10.3-2021.10-win32/gcc-arm-none-eabi-10.3-2021.10/bin/../lib/gcc/arm-none-eabi/10.3.1/../../../../arm-none-eabi/lib/thumb/v7-m/nofp\libc_nano.a(lib_a-init.o)
                              c:/users/84935/stm32f103c8t6/tools/gcc-arm-none-eabi-10.3-2021.10-win32/gcc-arm-none-eabi-10.3-2021.10/bin/../lib/gcc/arm-none-eabi/10.3.1/../../../../arm-none-eabi/lib/thumb/v7-m/nofp/crt0.o (__libc_init_array)
c:/users/84935/stm32f103c8t6/tools/gcc-arm-none-eabi-10.3-2021.10-win32/gcc-arm-none-eabi-10.3-2021.10/bin/../lib/gcc/arm-none-eabi/10.3.1/../../../../arm-none-eabi/lib/thumb/v7-m/nofp\libc_nano.a(lib_a-memset.o)
                              c:/users/84935/stm32f103c8t6/tools/gcc-arm-none-eabi-10.3-2021.10-win32/gcc-arm-none-eabi-10.3-2021.10/bin/../lib/gcc/arm-none-eabi/10.3.1/../../../../arm-none-eabi/lib/thumb/v7-m/nofp/crt0.o (memset)
c:/users/84935/stm32f103c8t6/tools/gcc-arm-none-eabi-10.3-2021.10-win32/gcc-arm-none-eabi-10.3-2021.10/bin/../lib/gcc/arm-none-eabi/10.3.1/../../../../arm-none-eabi/lib/thumb/v7-m/nofp\libc_nano.a(lib_a-sprintf.o)
                              build/main.o (sprintf)
c:/users/84935/stm32f103c8t6/tools/gcc-arm-none-eabi-10.3-2021.10-win32/gcc-arm-none-eabi-10.3-2021.10/bin/../lib/gcc/arm-none-eabi/10.3.1/../../../../arm-none-eabi/lib/thumb/v7-m/nofp\libc_nano.a(lib_a-strlen.o)
                              build/main.o (strlen)
c:/users/84935/stm32f103c8t6/tools/gcc-arm-none-eabi-10.3-2021.10-win32/gcc-arm-none-eabi-10.3-2021.10/bin/../lib/gcc/arm-none-eabi/10.3.1/../../../../arm-none-eabi/lib/thumb/v7-m/nofp\libc_nano.a(lib_a-strtol.o)
                              c:/users/84935/stm32f103c8t6/tools/gcc-arm-none-eabi-10.3-2021.10-win32/gcc-arm-none-eabi-10.3-2021.10/bin/../lib/gcc/arm-none-eabi/10.3.1/../../../../arm-none-eabi/lib/thumb/v7-m/nofp\libc_nano.a(lib_a-atoi.o) (_strtol_r)
c:/users/84935/stm32f103c8t6/tools/gcc-arm-none-eabi-10.3-2021.10-win32/gcc-arm-none-eabi-10.3-2021.10/bin/../lib/gcc/arm-none-eabi/10.3.1/../../../../arm-none-eabi/lib/thumb/v7-m/nofp\libc_nano.a(lib_a-ctype_.o)
                              c:/users/84935/stm32f103c8t6/tools/gcc-arm-none-eabi-10.3-2021.10-win32/gcc-arm-none-eabi-10.3-2021.10/bin/../lib/gcc/arm-none-eabi/10.3.1/../../../../arm-none-eabi/lib/thumb/v7-m/nofp\libc_nano.a(lib_a-strtol.o) (_ctype_)
c:/users/84935/stm32f103c8t6/tools/gcc-arm-none-eabi-10.3-2021.10-win32/gcc-arm-none-eabi-10.3-2021.10/bin/../lib/gcc/arm-none-eabi/10.3.1/../../../../arm-none-eabi/lib/thumb/v7-m/nofp\libc_nano.a(lib_a-errno.o)
                              c:/users/84935/stm32f103c8t6/tools/gcc-arm-none-eabi-10.3-2021.10-win32/gcc-arm-none-eabi-10.3-2021.10/bin/../lib/gcc/arm-none-eabi/10.3.1/../../../../arm-none-eabi/lib/thumb/v7-m/nofp\libc_nano.a(lib_a-strtol.o) (__errno)
c:/users/84935/stm32f103c8t6/tools/gcc-arm-none-eabi-10.3-2021.10-win32/gcc-arm-none-eabi-10.3-2021.10/bin/../lib/gcc/arm-none-eabi/10.3.1/../../../../arm-none-eabi/lib/thumb/v7-m/nofp\libc_nano.a(lib_a-nano-svfprintf.o)
                              c:/users/84935/stm32f103c8t6/tools/gcc-arm-none-eabi-10.3-2021.10-win32/gcc-arm-none-eabi-10.3-2021.10/bin/../lib/gcc/arm-none-eabi/10.3.1/../../../../arm-none-eabi/lib/thumb/v7-m/nofp\libc_nano.a(lib_a-sprintf.o) (_svfprintf_r)
c:/users/84935/stm32f103c8t6/tools/gcc-arm-none-eabi-10.3-2021.10-win32/gcc-arm-none-eabi-10.3-2021.10/bin/../lib/gcc/arm-none-eabi/10.3.1/../../../../arm-none-eabi/lib/thumb/v7-m/nofp\libc_nano.a(lib_a-nano-vfprintf_i.o)
[...]
Memory Configuration

Name             Origin             Length             Attributes
RAM              0x20000000         0x00005000         xrw
FLASH            0x08000000         0x00010000         xr
*default*        0x00000000         0xffffffff

Linker script and memory map

LOAD c:/users/84935/stm32f103c8t6/tools/gcc-arm-none-eabi-10.3-2021.10-win32/gcc-arm-none-eabi-10.3-2021.10/bin/../lib/gcc/arm-none-eabi/10.3.1/thumb/v7-m/nofp/crti.o
LOAD c:/users/84935/stm32f103c8t6/tools/gcc-arm-none-eabi-10.3-2021.10-win32/gcc-arm-none-eabi-10.3-2021.10/bin/../lib/gcc/arm-none-eabi/10.3.1/thumb/v7-m/nofp/crtbegin.o
LOAD c:/users/84935/stm32f103c8t6/tools/gcc-arm-none-eabi-10.3-2021.10-win32/gcc-arm-none-eabi-10.3-2021.10/bin/../lib/gcc/arm-none-eabi/10.3.1/../../../../arm-none-eabi/lib/thumb/v7-m/nofp/crt0.o
LOAD build/main.o
LOAD build/stm32f1xx_it.o
LOAD build/stm32f1xx_hal_msp.o
LOAD build/stm32f1xx_hal_gpio_ex.o
LOAD build/stm32f1xx_hal_tim.o
LOAD build/stm32f1xx_hal_tim_ex.o
LOAD build/stm32f1xx_hal_uart.o
LOAD build/stm32f1xx_hal.o
LOAD build/stm32f1xx_hal_rcc.o
LOAD build/stm32f1xx_hal_rcc_ex.o
LOAD build/stm32f1xx_hal_gpio.o
LOAD build/stm32f1xx_hal_dma.o
LOAD build/stm32f1xx_hal_cortex.o
LOAD build/stm32f1xx_hal_pwr.o
LOAD build/stm32f1xx_hal_flash.o
LOAD build/stm32f1xx_hal_flash_ex.o
LOAD build/stm32f1xx_hal_exti.o
LOAD build/system_stm32f1xx.o
LOAD build/StepMotor.o
LOAD build/DWT_Delay.o
LOAD build/startup_stm32f103xb.o
LOAD c:/users/84935/stm32f103c8t6/tools/gcc-arm-none-eabi-10.3-2021.10-win32/gcc-arm-none-eabi-10.3-2021.10/bin/../lib/gcc/arm-none-eabi/10.3.1/../../../../arm-none-eabi/lib/thumb/v7-m/nofp\libc_nano.a
LOAD c:/users/84935/stm32f103c8t6/tools/gcc-arm-none-eabi-10.3-2021.10-win32/gcc-arm-none-eabi-10.3-2021.10/bin/../lib/gcc/arm-none-eabi/10.3.1/../../../../arm-none-eabi/lib/thumb/v7-m/nofp\libm.a
LOAD c:/users/84935/stm32f103c8t6/tools/gcc-arm-none-eabi-10.3-2021.10-win32/gcc-arm-none-eabi-10.3-2021.10/bin/../lib/gcc/arm-none-eabi/10.3.1/../../../../arm-none-eabi/lib/thumb/v7-m/nofp\libnosys.a
START GROUP
LOAD c:/users/84935/stm32f103c8t6/tools/gcc-arm-none-eabi-10.3-2021.10-win32/gcc-arm-none-eabi-10.3-2021.10/bin/../lib/gcc/arm-none-eabi/10.3.1/thumb/v7-m/nofp\libgcc.a
LOAD c:/users/84935/stm32f103c8t6/tools/gcc-arm-none-eabi-10.3-2021.10-win32/gcc-arm-none-eabi-10.3-2021.10/bin/../lib/gcc/arm-none-eabi/10.3.1/../../../../arm-none-eabi/lib/thumb/v7-m/nofp\libc_nano.a
END GROUP
START GROUP
LOAD c:/users/84935/stm32f103c8t6/tools/gcc-arm-none-eabi-10.3-2021.10-win32/gcc-arm-none-eabi-10.3-2021.10/bin/../lib/gcc/arm-none-eabi/10.3.1/thumb/v7-m/nofp\libgcc.a
LOAD c:/users/84935/stm32f103c8t6/tools/gcc-arm-none-eabi-10.3-2021.10-win32/gcc-arm-none-eabi-10.3-2021.10/bin/../lib/gcc/arm-none-eabi/10.3.1/../../../../arm-none-eabi/lib/thumb/v7-m/nofp\libc_nano.a
END GROUP
LOAD c:/users/84935/stm32f103c8t6/tools/gcc-arm-none-eabi-10.3-2021.10-win32/gcc-arm-none-eabi-10.3-2021.10/bin/../lib/gcc/arm-none-eabi/10.3.1/thumb/v7-m/nofp/crtend.o
LOAD c:/users/84935/stm32f103c8t6/tools/gcc-arm-none-eabi-10.3-2021.10-win32/gcc-arm-none-eabi-10.3-2021.10/bin/../lib/gcc/arm-none-eabi/10.3.1/thumb/v7-m/nofp/crtn.o
                0x20005000                _estack = (ORIGIN (RAM) + LENGTH (RAM))
                0x00000200                _Min_Heap_Size = 0x200
                0x00000400                _Min_Stack_Size = 0x400

.isr_vector     0x08000000      0x10c
                0x08000000                . = ALIGN (0x4)
 *(.isr_vector)
 .isr_vector    0x08000000      0x10c build/startup_stm32f103xb.o
                0x08000000                g_pfnVectors
                0x0800010c                . = ALIGN (0x4)

.text           0x08000110     0x2f30
                0x08000110                . = ALIGN (0x4)
 *(.text)
 .text          0x08000110       0x40 c:/users/84935/stm32f103c8t6/tools/gcc-arm-none-eabi-10.3-2021.10-win32/gcc-arm-none-eabi-10.3-2021.10/bin/../lib/gcc/arm-none-eabi/10.3.1/thumb/v7-m/nofp/crtbegin.o
 .text          0x08000150       0x10 c:/users/84935/stm32f103c8t6/tools/gcc-arm-none-eabi-10.3-2021.10-win32/gcc-arm-none-eabi-10.3-2021.10/bin/../lib/gcc/arm-none-eabi/10.3.1/../../../../arm-none-eabi/lib/thumb/v7-m/nofp\libc_nano.a(lib_a-strlen.o)
                0x08000150                strlen
 .text          0x08000160      0x378 c:/users/84935/stm32f103c8t6/tools/gcc-arm-none-eabi-10.3-2021.10-win32/gcc-arm-none-eabi-10.3-2021.10/bin/../lib/gcc/arm-none-eabi/10.3.1/thumb/v7-m/nofp\libgcc.a(_arm_addsubdf3.o)
                0x08000160                __aeabi_drsub
                0x08000168                __aeabi_dsub
                0x08000168                __subdf3
                0x0800016c                __aeabi_dadd
                0x0800016c                __adddf3
                0x080003e4                __floatunsidf
                0x080003e4                __aeabi_ui2d
                0x08000404                __floatsidf
                0x08000404                __aeabi_i2d
                0x08000428                __aeabi_f2d
                0x08000428                __extendsfdf2
                0x0800046c                __floatundidf
                0x0800046c                __aeabi_ul2d
                0x0800047c                __floatdidf
                0x0800047c                __aeabi_l2d
 .text          0x080004d8      0x424 c:/users/84935/stm32f103c8t6/tools/gcc-arm-none-eabi-10.3-2021.10-win32/gcc-arm-none-eabi-10.3-2021.10/bin/../lib/gcc/arm-none-eabi/10.3.1/thumb/v7-m/nofp\libgcc.a(_arm_muldivdf3.o)
                0x080004d8                __aeabi_dmul
                0x080004d8                __muldf3
                0x0800072c                __divdf3
                0x0800072c                __aeabi_ddiv
 .text          0x080008fc       0x40 c:/users/84935/stm32f103c8t6/tools/gcc-arm-none-eabi-10.3-2021.10-win32/gcc-arm-none-eabi-10.3-2021.10/bin/../lib/gcc/arm-none-eabi/10.3.1/thumb/v7-m/nofp\libgcc.a(_arm_fixunsdfsi.o)
                0x080008fc                __aeabi_d2uiz
                0x080008fc                __fixunsdfsi
 *(.text*)
 .text.MX_GPIO_Init
                0x0800093c       0x9c build/main.o
 .text.MX_DMA_Init
                0x080009d8       0x34 build/main.o
 .text.HAL_GPIO_EXTI_Callback
                0x08000a0c        0xe build/main.o
                0x08000a0c                HAL_GPIO_EXTI_Callback
 *fill*         0x08000a1a        0x2 
 .text.commandExec
                0x08000a1c       0x60 build/main.o
                0x08000a1c                commandExec
 .text.HAL_UARTEx_RxEventCallback
                0x08000a7c       0x6c build/main.o
                0x08000a7c                HAL_UARTEx_RxEventCallback
 .text.Error_Handler
                0x08000ae8        0x4 build/main.o
                0x08000ae8                Error_Handler
 .text.MX_USART1_UART_Init
                0x08000aec       0x34 build/main.o
 .text.SystemClock_Config
                0x08000b20       0x64 build/main.o
                0x08000b20                SystemClock_Config
 .text.main     0x08000b84       0x54 build/main.o
                0x08000b84                main
 .text.NMI_Handler
                0x08000bd8        0x2 build/stm32f1xx_it.o
                0x08000bd8                NMI_Handler
 .text.HardFault_Handler
                0x08000bda        0x2 build/stm32f1xx_it.o
                0x08000bda                HardFault_Handler
 .text.MemManage_Handler
                0x08000bdc        0x2 build/stm32f1xx_it.o
                0x08000bdc                MemManage_Handler
 .text.BusFault_Handler
                0x08000bde        0x2 build/stm32f1xx_it.o
                0x08000bde                BusFault_Handler
 .text.UsageFault_Handler
                0x08000be0        0x2 build/stm32f1xx_it.o
                0x08000be0                UsageFault_Handler
 .text.SVC_Handler
                0x08000be2        0x2 build/stm32f1xx_it.o
                0x08000be2                SVC_Handler
 .text.DebugMon_Handler
                0x08000be4        0x2 build/stm32f1xx_it.o
                0x08000be4                DebugMon_Handler
 .text.PendSV_Handler
                0x08000be6        0x2 build/stm32f1xx_it.o
                0x08000be6                PendSV_Handler
 .text.SysTick_Handler
                0x08000be8        0x8 build/stm32f1xx_it.o
                0x08000be8                SysTick_Handler
 .text.DMA1_Channel5_IRQHandler
                0x08000bf0       0x10 build/stm32f1xx_it.o
                0x08000bf0                DMA1_Channel5_IRQHandler
 .text.EXTI9_5_IRQHandler
                0x08000c00        0xa build/stm32f1xx_it.o
                0x08000c00                EXTI9_5_IRQHandler
 *fill*         0x08000c0a        0x2 
 .text.USART1_IRQHandler
                0x08000c0c       0x10 build/stm32f1xx_it.o
                0x08000c0c                USART1_IRQHandler
 .text.HAL_MspInit
                0x08000c1c       0x30 build/stm32f1xx_hal_msp.o
                0x08000c1c                HAL_MspInit
 .text.HAL_UART_MspInit
                0x08000c4c       0xbc build/stm32f1xx_hal_msp.o
                0x08000c4c                HAL_UART_MspInit
 .text.UART_EndTxTransfer
                0x08000d08       0x20 build/stm32f1xx_hal_uart.o
 .text.UART_EndRxTransfer
                0x08000d28       0x5c build/stm32f1xx_hal_uart.o
 .text.UART_Transmit_IT
                0x08000d84       0x60 build/stm32f1xx_hal_uart.o
 .text.UART_SetConfig
                0x08000de4       0x94 build/stm32f1xx_hal_uart.o
 .text.UART_WaitOnFlagUntilTimeout
                0x08000e78       0x88 build/stm32f1xx_hal_uart.o
 .text.HAL_UART_Init
                0x08000f00       0x60 build/stm32f1xx_hal_uart.o
                0x08000f00                HAL_UART_Init
 .text.HAL_UART_Transmit
                0x08000f60       0xbe build/stm32f1xx_hal_uart.o
                0x08000f60                HAL_UART_Transmit
 .text.HAL_UART_TxCpltCallback
                0x0800101e        0x2 build/stm32f1xx_hal_uart.o
                0x0800101e                HAL_UART_TxCpltCallback
 .text.UART_EndTransmit_IT
                0x08001020       0x1a build/stm32f1xx_hal_uart.o
 .text.HAL_UART_RxCpltCallback
                0x0800103a        0x2 build/stm32f1xx_hal_uart.o
                0x0800103a                HAL_UART_RxCpltCallback
 .text.HAL_UART_RxHalfCpltCallback
                0x0800103c        0x2 build/stm32f1xx_hal_uart.o
                0x0800103c                HAL_UART_RxHalfCpltCallback
 .text.HAL_UART_ErrorCallback
                0x0800103e        0x2 build/stm32f1xx_hal_uart.o
                0x0800103e                HAL_UART_ErrorCallback
 .text.UART_DMAError
                0x08001040       0x58 build/stm32f1xx_hal_uart.o
 .text.UART_DMAAbortOnError
                0x08001098       0x10 build/stm32f1xx_hal_uart.o
 .text.UART_Receive_IT
                0x080010a8       0xe6 build/stm32f1xx_hal_uart.o
 *fill*         0x0800118e        0x2 
 .text.HAL_UART_IRQHandler
                0x08001190      0x288 build/stm32f1xx_hal_uart.o
                0x08001190                HAL_UART_IRQHandler
 .text.UART_DMARxHalfCplt
                0x08001418       0x1e build/stm32f1xx_hal_uart.o
 .text.UART_DMAReceiveCplt
                0x08001436       0x9a build/stm32f1xx_hal_uart.o
 .text.UART_Start_Receive_DMA
                0x080014d0       0xa4 build/stm32f1xx_hal_uart.o
                0x080014d0                UART_Start_Receive_DMA
 .text.HAL_UARTEx_ReceiveToIdle_DMA
                0x08001574       0x66 build/stm32f1xx_hal_uart.o
                0x08001574                HAL_UARTEx_ReceiveToIdle_DMA
 *fill*         0x080015da        0x2 
 .text.HAL_InitTick
                0x080015dc       0x4c build/stm32f1xx_hal.o
                0x080015dc                HAL_InitTick
 .text.HAL_Init
                0x08001628       0x24 build/stm32f1xx_hal.o
                0x08001628                HAL_Init
 .text.HAL_IncTick
                0x0800164c       0x18 build/stm32f1xx_hal.o
                0x0800164c                HAL_IncTick
 .text.HAL_GetTick
                0x08001664        0xc build/stm32f1xx_hal.o
                0x08001664                HAL_GetTick
 .text.RCC_Delay
                0x08001670       0x2c build/stm32f1xx_hal_rcc.o
 .text.HAL_RCC_OscConfig
                0x0800169c      0x410 build/stm32f1xx_hal_rcc.o
                0x0800169c                HAL_RCC_OscConfig
 .text.HAL_RCC_GetSysClockFreq
                0x08001aac       0x54 build/stm32f1xx_hal_rcc.o
                0x08001aac                HAL_RCC_GetSysClockFreq
 .text.HAL_RCC_ClockConfig
                0x08001b00      0x16c build/stm32f1xx_hal_rcc.o
                0x08001b00                HAL_RCC_ClockConfig
 .text.HAL_RCC_GetHCLKFreq
                0x08001c6c        0xc build/stm32f1xx_hal_rcc.o
                0x08001c6c                HAL_RCC_GetHCLKFreq
 .text.HAL_RCC_GetPCLK1Freq
                0x08001c78       0x20 build/stm32f1xx_hal_rcc.o
                0x08001c78                HAL_RCC_GetPCLK1Freq
 .text.HAL_RCC_GetPCLK2Freq
                0x08001c98       0x20 build/stm32f1xx_hal_rcc.o
                0x08001c98                HAL_RCC_GetPCLK2Freq
 .text.HAL_GPIO_Init
                0x08001cb8      0x224 build/stm32f1xx_hal_gpio.o
                0x08001cb8                HAL_GPIO_Init
 .text.HAL_GPIO_WritePin
                0x08001edc        0xc build/stm32f1xx_hal_gpio.o
                0x08001edc                HAL_GPIO_WritePin
 .text.HAL_GPIO_EXTI_IRQHandler
                0x08001ee8       0x1c build/stm32f1xx_hal_gpio.o
                0x08001ee8                HAL_GPIO_EXTI_IRQHandler
 .text.DMA_SetConfig
                0x08001f04       0x2c build/stm32f1xx_hal_dma.o
 .text.HAL_DMA_Init
                0x08001f30       0x6c build/stm32f1xx_hal_dma.o
                0x08001f30                HAL_DMA_Init
 .text.HAL_DMA_Start_IT
                0x08001f9c       0x76 build/stm32f1xx_hal_dma.o
                0x08001f9c                HAL_DMA_Start_IT
 .text.HAL_DMA_Abort
                0x08002012       0x46 build/stm32f1xx_hal_dma.o
                0x08002012                HAL_DMA_Abort
 .text.HAL_DMA_Abort_IT
                0x08002058       0x98 build/stm32f1xx_hal_dma.o
                0x08002058                HAL_DMA_Abort_IT
 .text.HAL_DMA_IRQHandler
                0x080020f0      0x144 build/stm32f1xx_hal_dma.o
                0x080020f0                HAL_DMA_IRQHandler
 .text.HAL_NVIC_SetPriorityGrouping
                0x08002234       0x24 build/stm32f1xx_hal_cortex.o
                0x08002234                HAL_NVIC_SetPriorityGrouping
 .text.HAL_NVIC_SetPriority
                0x08002258       0x70 build/stm32f1xx_hal_cortex.o
                0x08002258                HAL_NVIC_SetPriority
 .text.HAL_NVIC_EnableIRQ
                0x080022c8       0x1c build/stm32f1xx_hal_cortex.o
                0x080022c8                HAL_NVIC_EnableIRQ
 .text.HAL_SYSTICK_Config
                0x080022e4       0x28 build/stm32f1xx_hal_cortex.o
                0x080022e4                HAL_SYSTICK_Config
 .text.SystemInit
                0x0800230c        0x2 build/system_stm32f1xx.o
                0x0800230c                SystemInit
 *fill*         0x0800230e        0x2 
 .text.stepInit
                0x08002310       0x28 build/StepMotor.o
                0x08002310                stepInit
 .text.brake    0x08002338       0x20 build/StepMotor.o
                0x08002338                brake
 .text.changeDir
                0x08002358       0x1c build/StepMotor.o
                0x08002358                changeDir
 .text.speedCtrl
                0x08002374      0x138 build/StepMotor.o
                0x08002374                speedCtrl
 *fill*         0x080024ac        0x4 
 .text.angle2Step
                0x080024b0       0x20 build/StepMotor.o
                0x080024b0                angle2Step
 .text.positionCtrl
                0x080024d0       0x84 build/StepMotor.o
                0x080024d0                positionCtrl
 .text.Reset_Handler
                0x08002554       0x48 build/startup_stm32f103xb.o
                0x08002554                Reset_Handler
 .text.Default_Handler
                0x0800259c        0x2 build/startup_stm32f103xb.o
                0x0800259c                RTC_Alarm_IRQHandler
                0x0800259c                EXTI2_IRQHandler
                0x0800259c                TIM1_CC_IRQHandler
                0x0800259c                PVD_IRQHandler
                0x0800259c                EXTI3_IRQHandler
                0x0800259c                EXTI0_IRQHandler
                0x0800259c                I2C2_EV_IRQHandler
                0x0800259c                ADC1_2_IRQHandler
                0x0800259c                SPI1_IRQHandler
                0x0800259c                TAMPER_IRQHandler
                0x0800259c                DMA1_Channel4_IRQHandler
                0x0800259c                USART3_IRQHandler
                0x0800259c                RTC_IRQHandler
                0x0800259c                DMA1_Channel7_IRQHandler
                0x0800259c                CAN1_RX1_IRQHandler
                0x0800259c                TIM4_IRQHandler
                0x0800259c                I2C1_EV_IRQHandler
                0x0800259c                DMA1_Channel6_IRQHandler
                0x0800259c                TIM3_IRQHandler
                0x0800259c                RCC_IRQHandler
                0x0800259c                TIM1_TRG_COM_IRQHandler
                0x0800259c                DMA1_Channel1_IRQHandler
                0x0800259c                Default_Handler
                0x0800259c                EXTI15_10_IRQHandler
                0x0800259c                SPI2_IRQHandler
                0x0800259c                EXTI4_IRQHandler
                0x0800259c                USB_LP_CAN1_RX0_IRQHandler
                0x0800259c                USB_HP_CAN1_TX_IRQHandler
                0x0800259c                DMA1_Channel3_IRQHandler
                0x0800259c                TIM1_UP_IRQHandler
                0x0800259c                WWDG_IRQHandler
                0x0800259c                TIM2_IRQHandler
                0x0800259c                TIM1_BRK_IRQHandler
                0x0800259c                EXTI1_IRQHandler
                0x0800259c                USART2_IRQHandler
                0x0800259c                I2C2_ER_IRQHandler
                0x0800259c                DMA1_Channel2_IRQHandler
                0x0800259c                CAN1_SCE_IRQHandler
                0x0800259c                FLASH_IRQHandler
                0x0800259c                I2C1_ER_IRQHandler
                0x0800259c                USBWakeUp_IRQHandler
 .text.atoi     0x0800259e        0x8 c:/users/84935/stm32f103c8t6/tools/gcc-arm-none-eabi-10.3-2021.10-win32/gcc-arm-none-eabi-10.3-2021.10/bin/../lib/gcc/arm-none-eabi/10.3.1/../../../../arm-none-eabi/lib/thumb/v7-m/nofp\libc_nano.a(lib_a-atoi.o)
                0x0800259e                atoi
 *fill*         0x080025a6        0x2 
 .text.__libc_init_array
                0x080025a8       0x48 c:/users/84935/stm32f103c8t6/tools/gcc-arm-none-eabi-10.3-2021.10-win32/gcc-arm-none-eabi-10.3-2021.10/bin/../lib/gcc/arm-none-eabi/10.3.1/../../../../arm-none-eabi/lib/thumb/v7-m/nofp\libc_nano.a(lib_a-init.o)
                0x080025a8                __libc_init_array
 .text.memset   0x080025f0       0x10 c:/users/84935/stm32f103c8t6/tools/gcc-arm-none-eabi-10.3-2021.10-win32/gcc-arm-none-eabi-10.3-2021.10/bin/../lib/gcc/arm-none-eabi/10.3.1/../../../../arm-none-eabi/lib/thumb/v7-m/nofp\libc_nano.a(lib_a-memset.o)
                0x080025f0                memset
 .text.sprintf  0x08002600       0x40 c:/users/84935/stm32f103c8t6/tools/gcc-arm-none-eabi-10.3-2021.10-win32/gcc-arm-none-eabi-10.3-2021.10/bin/../lib/gcc/arm-none-eabi/10.3.1/../../../../arm-none-eabi/lib/thumb/v7-m/nofp\libc_nano.a(lib_a-sprintf.o)
                0x08002600                siprintf
                0x08002600                sprintf
 .text._strtol_l.constprop.0
                0x08002640       0xf8 c:/users/84935/stm32f103c8t6/tools/gcc-arm-none-eabi-10.3-2021.10-win32/gcc-arm-none-eabi-10.3-2021.10/bin/../lib/gcc/arm-none-eabi/10.3.1/../../../../arm-none-eabi/lib/thumb/v7-m/nofp\libc_nano.a(lib_a-strtol.o)
 .text.strtol   0x08002738       0x14 c:/users/84935/stm32f103c8t6/tools/gcc-arm-none-eabi-10.3-2021.10-win32/gcc-arm-none-eabi-10.3-2021.10/bin/../lib/gcc/arm-none-eabi/10.3.1/../../../../arm-none-eabi/lib/thumb/v7-m/nofp\libc_nano.a(lib_a-strtol.o)
                0x08002738                strtol
 .text.__errno  0x0800274c        0xc c:/users/84935/stm32f103c8t6/tools/gcc-arm-none-eabi-10.3-2021.10-win32/gcc-arm-none-eabi-10.3-2021.10/bin/../lib/gcc/arm-none-eabi/10.3.1/../../../../arm-none-eabi/lib/thumb/v7-m/nofp\libc_nano.a(lib_a-errno.o)
                0x0800274c                __errno
 .text.__ssputs_r
                0x08002758       0xb6 c:/users/84935/stm32f103c8t6/tools/gcc-arm-none-eabi-10.3-2021.10-win32/gcc-arm-none-eabi-10.3-2021.10/bin/../lib/gcc/arm-none-eabi/10.3.1/../../../../arm-none-eabi/lib/thumb/v7-m/nofp\libc_nano.a(lib_a-nano-svfprintf.o)
                0x08002758                __ssputs_r
 *fill*         0x0800280e        0x2 
 .text._svfprintf_r
                0x08002810      0x200 c:/users/84935/stm32f103c8t6/tools/gcc-arm-none-eabi-10.3-2021.10-win32/gcc-arm-none-eabi-10.3-2021.10/bin/../lib/gcc/arm-none-eabi/10.3.1/../../../../arm-none-eabi/lib/thumb/v7-m/nofp\libc_nano.a(lib_a-nano-svfprintf.o)
                0x08002810                _svfiprintf_r
                0x08002810                _svfprintf_r
 .text._printf_common
                0x08002a10       0xde c:/users/84935/stm32f103c8t6/tools/gcc-arm-none-eabi-10.3-2021.10-win32/gcc-arm-none-eabi-10.3-2021.10/bin/../lib/gcc/arm-none-eabi/10.3.1/../../../../arm-none-eabi/lib/thumb/v7-m/nofp\libc_nano.a(lib_a-nano-vfprintf_i.o)
                0x08002a10                _printf_common
 *fill*         0x08002aee        0x2 
 .text._printf_i
                0x08002af0      0x24c c:/users/84935/stm32f103c8t6/tools/gcc-arm-none-eabi-10.3-2021.10-win32/gcc-arm-none-eabi-10.3-2021.10/bin/../lib/gcc/arm-none-eabi/10.3.1/../../../../arm-none-eabi/lib/thumb/v7-m/nofp\libc_nano.a(lib_a-nano-vfprintf_i.o)
                0x08002af0                _printf_i
 .text.memchr   0x08002d3c       0x1c c:/users/84935/stm32f103c8t6/tools/gcc-arm-none-eabi-10.3-2021.10-win32/gcc-arm-none-eabi-10.3-2021.10/bin/../lib/gcc/arm-none-eabi/10.3.1/../../../../arm-none-eabi/lib/thumb/v7-m/nofp\libc_nano.a(lib_a-memchr-stub.o)
                0x08002d3c                memchr
 .text.memcpy   0x08002d58       0x1c c:/users/84935/stm32f103c8t6/tools/gcc-arm-none-eabi-10.3-2021.10-win32/gcc-arm-none-eabi-10.3-2021.10/bin/../lib/gcc/arm-none-eabi/10.3.1/../../../../arm-none-eabi/lib/thumb/v7-m/nofp\libc_nano.a(lib_a-memcpy-stub.o)
                0x08002d58                memcpy
 .text.memmove  0x08002d74       0x34 c:/users/84935/stm32f103c8t6/tools/gcc-arm-none-eabi-10.3-2021.10-win32/gcc-arm-none-eabi-10.3-2021.10/bin/../lib/gcc/arm-none-eabi/10.3.1/../../../../arm-none-eabi/lib/thumb/v7-m/nofp\libc_nano.a(lib_a-memmove.o)
                0x08002d74                memmove
 .text._free_r  0x08002da8       0x90 c:/users/84935/stm32f103c8t6/tools/gcc-arm-none-eabi-10.3-2021.10-win32/gcc-arm-none-eabi-10.3-2021.10/bin/../lib/gcc/arm-none-eabi/10.3.1/../../../../arm-none-eabi/lib/thumb/v7-m/nofp\libc_nano.a(lib_a-nano-freer.o)
                0x08002da8                _free_r
 .text.sbrk_aligned
                0x08002e38       0x40 c:/users/84935/stm32f103c8t6/tools/gcc-arm-none-eabi-10.3-2021.10-win32/gcc-arm-none-eabi-10.3-2021.10/bin/../lib/gcc/arm-none-eabi/10.3.1/../../../../arm-none-eabi/lib/thumb/v7-m/nofp\libc_nano.a(lib_a-nano-mallocr.o)
 .text._malloc_r
                0x08002e78       0xe8 c:/users/84935/stm32f103c8t6/tools/gcc-arm-none-eabi-10.3-2021.10-win32/gcc-arm-none-eabi-10.3-2021.10/bin/../lib/gcc/arm-none-eabi/10.3.1/../../../../arm-none-eabi/lib/thumb/v7-m/nofp\libc_nano.a(lib_a-nano-mallocr.o)
                0x08002e78                _malloc_r
 .text._realloc_r
                0x08002f60       0x5e c:/users/84935/stm32f103c8t6/tools/gcc-arm-none-eabi-10.3-2021.10-win32/gcc-arm-none-eabi-10.3-2021.10/bin/../lib/gcc/arm-none-eabi/10.3.1/../../../../arm-none-eabi/lib/thumb/v7-m/nofp\libc_nano.a(lib_a-nano-reallocr.o)
                0x08002f60                _realloc_r
 *fill*         0x08002fbe        0x2 
 .text._sbrk_r  0x08002fc0       0x20 c:/users/84935/stm32f103c8t6/tools/gcc-arm-none-eabi-10.3-2021.10-win32/gcc-arm-none-eabi-10.3-2021.10/bin/../lib/gcc/arm-none-eabi/10.3.1/../../../../arm-none-eabi/lib/thumb/v7-m/nofp\libc_nano.a(lib_a-sbrkr.o)
                0x08002fc0                _sbrk_r
 .text.__malloc_lock
                0x08002fe0        0xc c:/users/84935/stm32f103c8t6/tools/gcc-arm-none-eabi-10.3-2021.10-win32/gcc-arm-none-eabi-10.3-2021.10/bin/../lib/gcc/arm-none-eabi/10.3.1/../../../../arm-none-eabi/lib/thumb/v7-m/nofp\libc_nano.a(lib_a-mlock.o)
                0x08002fe0                __malloc_lock
 .text.__malloc_unlock
                0x08002fec        0xc c:/users/84935/stm32f103c8t6/tools/gcc-arm-none-eabi-10.3-2021.10-win32/gcc-arm-none-eabi-10.3-2021.10/bin/../lib/gcc/arm-none-eabi/10.3.1/../../../../arm-none-eabi/lib/thumb/v7-m/nofp\libc_nano.a(lib_a-mlock.o)
                0x08002fec                __malloc_unlock
 .text._malloc_usable_size_r
                0x08002ff8       0x10 c:/users/84935/stm32f103c8t6/tools/gcc-arm-none-eabi-10.3-2021.10-win32/gcc-arm-none-eabi-10.3-2021.10/bin/../lib/gcc/arm-none-eabi/10.3.1/../../../../arm-none-eabi/lib/thumb/v7-m/nofp\libc_nano.a(lib_a-nano-msizer.o)
                0x08002ff8                _malloc_usable_size_r
 .text.__retarget_lock_acquire_recursive
                0x08003008        0x2 c:/users/84935/stm32f103c8t6/tools/gcc-arm-none-eabi-10.3-2021.10-win32/gcc-arm-none-eabi-10.3-2021.10/bin/../lib/gcc/arm-none-eabi/10.3.1/../../../../arm-none-eabi/lib/thumb/v7-m/nofp\libc_nano.a(lib_a-lock.o)
                0x08003008                __retarget_lock_acquire_recursive
 .text.__retarget_lock_release_recursive
                0x0800300a        0x2 c:/users/84935/stm32f103c8t6/tools/gcc-arm-none-eabi-10.3-2021.10-win32/gcc-arm-none-eabi-10.3-2021.10/bin/../lib/gcc/arm-none-eabi/10.3.1/../../../../arm-none-eabi/lib/thumb/v7-m/nofp\libc_nano.a(lib_a-lock.o)
                0x0800300a                __retarget_lock_release_recursive
 .text._sbrk    0x0800300c       0x1c c:/users/84935/stm32f103c8t6/tools/gcc-arm-none-eabi-10.3-2021.10-win32/gcc-arm-none-eabi-10.3-2021.10/bin/../lib/gcc/arm-none-eabi/10.3.1/../../../../arm-none-eabi/lib/thumb/v7-m/nofp\libnosys.a(sbrk.o)
                0x0800300c                _sbrk
 *(.glue_7)
 .glue_7        0x08003028        0x0 linker stubs
 *(.glue_7t)
 .glue_7t       0x08003028        0x0 linker stubs
 *(.eh_frame)
 .eh_frame      0x08003028        0x0 c:/users/84935/stm32f103c8t6/tools/gcc-arm-none-eabi-10.3-2021.10-win32/gcc-arm-none-eabi-10.3-2021.10/bin/../lib/gcc/arm-none-eabi/10.3.1/thumb/v7-m/nofp/crtbegin.o
 *(.init)
 .init          0x08003028        0x4 c:/users/84935/stm32f103c8t6/tools/gcc-arm-none-eabi-10.3-2021.10-win32/gcc-arm-none-eabi-10.3-2021.10/bin/../lib/gcc/arm-none-eabi/10.3.1/thumb/v7-m/nofp/crti.o
                0x08003028                _init
 .init          0x0800302c        0x8 c:/users/84935/stm32f103c8t6/tools/gcc-arm-none-eabi-10.3-2021.10-win32/gcc-arm-none-eabi-10.3-2021.10/bin/../lib/gcc/arm-none-eabi/10.3.1/thumb/v7-m/nofp/crtn.o
 *(.fini)
 .fini          0x08003034        0x4 c:/users/84935/stm32f103c8t6/tools/gcc-arm-none-eabi-10.3-2021.10-win32/gcc-arm-none-eabi-10.3-2021.10/bin/../lib/gcc/arm-none-eabi/10.3.1/thumb/v7-m/nofp/crti.o
                0x08003034                _fini
 .fini          0x08003038        0x8 c:/users/84935/stm32f103c8t6/tools/gcc-arm-none-eabi-10.3-2021.10-win32/gcc-arm-none-eabi-10.3-2021.10/bin/../lib/gcc/arm-none-eabi/10.3.1/thumb/v7-m/nofp/crtn.o
                0x08003040                . = ALIGN (0x4)
                0x08003040                _etext = .

.vfp11_veneer   0x08003040        0x0
 .vfp11_veneer  0x08003040        0x0 linker stubs

.v4_bx          0x08003040        0x0
 .v4_bx         0x08003040        0x0 linker stubs

.iplt           0x08003040        0x0
 .iplt          0x08003040        0x0 c:/users/84935/stm32f103c8t6/tools/gcc-arm-none-eabi-10.3-2021.10-win32/gcc-arm-none-eabi-10.3-2021.10/bin/../lib/gcc/arm-none-eabi/10.3.1/thumb/v7-m/nofp/crtbegin.o

.rodata         0x08003040      0x18c
                0x08003040                . = ALIGN (0x4)
 *(.rodata)
 *(.rodata*)
 .rodata.commandExec.str1.4
                0x08003040       0x13 build/main.o
 *fill*         0x08003053        0x1 
 .rodata.HAL_UARTEx_RxEventCallback.str1.4
                0x08003054       0x18 build/main.o
 .rodata.aPLLMULFactorTable.1
                0x0800306c       0x10 build/stm32f1xx_hal_rcc.o
 .rodata.aPredivFactorTable.0
                0x0800307c        0x2 build/stm32f1xx_hal_rcc.o
 *fill*         0x0800307e        0x2 
 .rodata.AHBPrescTable
                0x08003080       0x10 build/system_stm32f1xx.o
                0x08003080                AHBPrescTable
 .rodata.APBPrescTable
                0x08003090        0x8 build/system_stm32f1xx.o
                0x08003090                APBPrescTable
 .rodata._ctype_
                0x08003098      0x101 c:/users/84935/stm32f103c8t6/tools/gcc-arm-none-eabi-10.3-2021.10-win32/gcc-arm-none-eabi-10.3-2021.10/bin/../lib/gcc/arm-none-eabi/10.3.1/../../../../arm-none-eabi/lib/thumb/v7-m/nofp\libc_nano.a(lib_a-ctype_.o)
                0x08003098                _ctype_
 .rodata._svfprintf_r.str1.1
                0x08003199       0x11 c:/users/84935/stm32f103c8t6/tools/gcc-arm-none-eabi-10.3-2021.10-win32/gcc-arm-none-eabi-10.3-2021.10/bin/../lib/gcc/arm-none-eabi/10.3.1/../../../../arm-none-eabi/lib/thumb/v7-m/nofp\libc_nano.a(lib_a-nano-svfprintf.o)
 .rodata._printf_i.str1.1
                0x080031aa       0x22 c:/users/84935/stm32f103c8t6/tools/gcc-arm-none-eabi-10.3-2021.10-win32/gcc-arm-none-eabi-10.3-2021.10/bin/../lib/gcc/arm-none-eabi/10.3.1/../../../../arm-none-eabi/lib/thumb/v7-m/nofp\libc_nano.a(lib_a-nano-vfprintf_i.o)
                0x080031cc                . = ALIGN (0x4)

.rel.dyn        0x080031cc        0x0
 .rel.iplt      0x080031cc        0x0 c:/users/84935/stm32f103c8t6/tools/gcc-arm-none-eabi-10.3-2021.10-win32/gcc-arm-none-eabi-10.3-2021.10/bin/../lib/gcc/arm-none-eabi/10.3.1/thumb/v7-m/nofp/crtbegin.o

.ARM.extab
 *(.ARM.extab* .gnu.linkonce.armextab.*)

.ARM            0x080031cc        0x0
                0x080031cc                __exidx_start = .
 *(.ARM.exidx*)
                0x080031cc                __exidx_end = .

.preinit_array  0x080031cc        0x0
                0x080031cc                PROVIDE (__preinit_array_start = .)
 *(.preinit_array*)
                0x080031cc                PROVIDE (__preinit_array_end = .)

.init_array     0x080031cc        0x4
                0x080031cc                PROVIDE (__init_array_start = .)
 *(SORT_BY_NAME(.init_array.*))
 *(.init_array*)
 .init_array    0x080031cc        0x4 c:/users/84935/stm32f103c8t6/tools/gcc-arm-none-eabi-10.3-2021.10-win32/gcc-arm-none-eabi-10.3-2021.10/bin/../lib/gcc/arm-none-eabi/10.3.1/thumb/v7-m/nofp/crtbegin.o
                0x080031d0                PROVIDE (__init_array_end = .)

.fini_array     0x080031d0        0x4
                [!provide]                PROVIDE (__fini_array_start = .)
 *(SORT_BY_NAME(.fini_array.*))
 *(.fini_array*)
 .fini_array    0x080031d0        0x4 c:/users/84935/stm32f103c8t6/tools/gcc-arm-none-eabi-10.3-2021.10-win32/gcc-arm-none-eabi-10.3-2021.10/bin/../lib/gcc/arm-none-eabi/10.3.1/thumb/v7-m/nofp/crtbegin.o
                [!provide]                PROVIDE (__fini_array_end = .)
                0x080031d4                _sidata = LOADADDR (.data)

.data           0x20000000       0x70 load address 0x080031d4
                0x20000000                . = ALIGN (0x4)
                0x20000000                _sdata = .
 *(.data)
 *(.data*)
 .data.dir      0x20000000        0x1 build/main.o
                0x20000000                dir
 .data.uwTickFreq
                0x20000001        0x1 build/stm32f1xx_hal.o
                0x20000001                uwTickFreq
 *fill*         0x20000002        0x2 
 .data.uwTickPrio
                0x20000004        0x4 build/stm32f1xx_hal.o
                0x20000004                uwTickPrio
 .data.SystemCoreClock
                0x20000008        0x4 build/system_stm32f1xx.o
                0x20000008                SystemCoreClock
 .data._impure_ptr
                0x2000000c        0x4 c:/users/84935/stm32f103c8t6/tools/gcc-arm-none-eabi-10.3-2021.10-win32/gcc-arm-none-eabi-10.3-2021.10/bin/../lib/gcc/arm-none-eabi/10.3.1/../../../../arm-none-eabi/lib/thumb/v7-m/nofp\libc_nano.a(lib_a-impure.o)
                0x2000000c                _impure_ptr
 .data.impure_data
                0x20000010       0x60 c:/users/84935/stm32f103c8t6/tools/gcc-arm-none-eabi-10.3-2021.10-win32/gcc-arm-none-eabi-10.3-2021.10/bin/../lib/gcc/arm-none-eabi/10.3.1/../../../../arm-none-eabi/lib/thumb/v7-m/nofp\libc_nano.a(lib_a-impure.o)
                0x20000070                . = ALIGN (0x4)
                0x20000070                _edata = .

.igot.plt       0x20000070        0x0 load address 0x08003244
 .igot.plt      0x20000070        0x0 c:/users/84935/stm32f103c8t6/tools/gcc-arm-none-eabi-10.3-2021.10-win32/gcc-arm-none-eabi-10.3-2021.10/bin/../lib/gcc/arm-none-eabi/10.3.1/thumb/v7-m/nofp/crtbegin.o
                0x20000070                . = ALIGN (0x4)

.bss            0x20000070       0xec load address 0x08003244
                0x20000070                _sbss = .
                0x20000070                __bss_start__ = _sbss
 *(.bss)
 .bss           0x20000070       0x1c c:/users/84935/stm32f103c8t6/tools/gcc-arm-none-eabi-10.3-2021.10-win32/gcc-arm-none-eabi-10.3-2021.10/bin/../lib/gcc/arm-none-eabi/10.3.1/thumb/v7-m/nofp/crtbegin.o
 *(.bss*)
 .bss.hdma_usart1_rx
                0x2000008c       0x44 build/main.o
                0x2000008c                hdma_usart1_rx
 .bss.huart1    0x200000d0       0x48 build/main.o
                0x200000d0                huart1
 .bss.mode      0x20000118        0x1 build/main.o
                0x20000118                mode
 *fill*         0x20000119        0x3 
 .bss.rcv_buffer
                0x2000011c        0x5 build/main.o
                0x2000011c                rcv_buffer
 *fill*         0x20000121        0x3 
 .bss.send_msg  0x20000124       0x1e build/main.o
                0x20000124                send_msg
 *fill*         0x20000142        0x2 
 .bss.uwTick    0x20000144        0x4 build/stm32f1xx_hal.o
                0x20000144                uwTick
 .bss.__malloc_free_list
                0x20000148        0x4 c:/users/84935/stm32f103c8t6/tools/gcc-arm-none-eabi-10.3-2021.10-win32/gcc-arm-none-eabi-10.3-2021.10/bin/../lib/gcc/arm-none-eabi/10.3.1/../../../../arm-none-eabi/lib/thumb/v7-m/nofp\libc_nano.a(lib_a-nano-mallocr.o)
                0x20000148                __malloc_free_list
 .bss.__malloc_sbrk_start
                0x2000014c        0x4 c:/users/84935/stm32f103c8t6/tools/gcc-arm-none-eabi-10.3-2021.10-win32/gcc-arm-none-eabi-10.3-2021.10/bin/../lib/gcc/arm-none-eabi/10.3.1/../../../../arm-none-eabi/lib/thumb/v7-m/nofp\libc_nano.a(lib_a-nano-mallocr.o)
                0x2000014c                __malloc_sbrk_start
 .bss.errno     0x20000150        0x4 c:/users/84935/stm32f103c8t6/tools/gcc-arm-none-eabi-10.3-2021.10-win32/gcc-arm-none-eabi-10.3-2021.10/bin/../lib/gcc/arm-none-eabi/10.3.1/../../../../arm-none-eabi/lib/thumb/v7-m/nofp\libc_nano.a(lib_a-reent.o)
                0x20000150                errno
 .bss.__lock___malloc_recursive_mutex
                0x20000154        0x1 c:/users/84935/stm32f103c8t6/tools/gcc-arm-none-eabi-10.3-2021.10-win32/gcc-arm-none-eabi-10.3-2021.10/bin/../lib/gcc/arm-none-eabi/10.3.1/../../../../arm-none-eabi/lib/thumb/v7-m/nofp\libc_nano.a(lib_a-lock.o)
                0x20000154                __lock___malloc_recursive_mutex
 *fill*         0x20000155        0x3 
 .bss.heap_end.0
                0x20000158        0x4 c:/users/84935/stm32f103c8t6/tools/gcc-arm-none-eabi-10.3-2021.10-win32/gcc-arm-none-eabi-10.3-2021.10/bin/../lib/gcc/arm-none-eabi/10.3.1/../../../../arm-none-eabi/lib/thumb/v7-m/nofp\libnosys.a(sbrk.o)
 *(COMMON)
                0x2000015c                . = ALIGN (0x4)
                0x2000015c                _ebss = .
                0x2000015c                __bss_end__ = _ebss

._user_heap_stack
                0x2000015c      0x604 load address 0x08003244
                0x20000160                . = ALIGN (0x8)
 *fill*         0x2000015c        0x4 
                0x20000160                PROVIDE (end = .)
                [!provide]                PROVIDE (_end = .)
                0x20000360                . = (. + _Min_Heap_Size)
 *fill*         0x20000160      0x200 
                0x20000760                . = (. + _Min_Stack_Size)
 *fill*         0x20000360      0x400 
                0x20000760                . = ALIGN (0x8)

/DISCARD/
 libc.a(*)
 libm.a(*)
 libgcc.a(*)

.ARM.attributes
                0x00000000       0x29
 *(.ARM.attributes)
 .ARM.attributes
                0x00000000       0x1d c:/users/84935/stm32f103c8t6/tools/gcc-arm-none-eabi-10.3-2021.10-win32/gcc-arm-none-eabi-10.3-2021.10/bin/../lib/gcc/arm-none-eabi/10.3.1/thumb/v7-m/nofp/crti.o
 .ARM.attributes
                0x0000001d       0x2d c:/users/84935/stm32f103c8t6/tools/gcc-arm-none-eabi-10.3-2021.10-win32/gcc-arm-none-eabi-10.3-2021.10/bin/../lib/gcc/arm-none-eabi/10.3.1/thumb/v7-m/nofp/crtbegin.o
 .ARM.attributes
                0x0000004a       0x2d build/main.o
 .ARM.attributes
                0x00000077       0x2d build/stm32f1xx_it.o
 .ARM.attributes
                0x000000a4       0x2d build/stm32f1xx_hal_msp.o
 .ARM.attributes
                0x000000d1       0x2d build/stm32f1xx_hal_uart.o
 .ARM.attributes
                0x000000fe       0x2d build/stm32f1xx_hal.o
 .ARM.attributes
                0x0000012b       0x2d build/stm32f1xx_hal_rcc.o
 .ARM.attributes
                0x00000158       0x2d build/stm32f1xx_hal_gpio.o
 .ARM.attributes
                0x00000185       0x2d build/stm32f1xx_hal_dma.o
 .ARM.attributes
                0x000001b2       0x2d build/stm32f1xx_hal_cortex.o
 .ARM.attributes
                0x000001df       0x2d build/system_stm32f1xx.o
 .ARM.attributes
                0x0000020c       0x2d build/StepMotor.o
 .ARM.attributes
                0x00000239       0x21 build/startup_stm32f103xb.o
 .ARM.attributes
                0x0000025a       0x2d c:/users/84935/stm32f103c8t6/tools/gcc-arm-none-eabi-10.3-2021.10-win32/gcc-arm-none-eabi-10.3-2021.10/bin/../lib/gcc/arm-none-eabi/10.3.1/../../../../arm-none-eabi/lib/thumb/v7-m/nofp\libc_nano.a(lib_a-atoi.o)
 .ARM.attributes
                0x00000287       0x2d c:/users/84935/stm32f103c8t6/tools/gcc-arm-none-eabi-10.3-2021.10-win32/gcc-arm-none-eabi-10.3-2021.10/bin/../lib/gcc/arm-none-eabi/10.3.1/../../../../arm-none-eabi/lib/thumb/v7-m/nofp\libc_nano.a(lib_a-impure.o)
 .ARM.attributes
                0x000002b4       0x2d c:/users/84935/stm32f103c8t6/tools/gcc-arm-none-eabi-10.3-2021.10-win32/gcc-arm-none-eabi-10.3-2021.10/bin/../lib/gcc/arm-none-eabi/10.3.1/../../../../arm-none-eabi/lib/thumb/v7-m/nofp\libc_nano.a(lib_a-init.o)
 .ARM.attributes
                0x000002e1       0x2d c:/users/84935/stm32f103c8t6/tools/gcc-arm-none-eabi-10.3-2021.10-win32/gcc-arm-none-eabi-10.3-2021.10/bin/../lib/gcc/arm-none-eabi/10.3.1/../../../../arm-none-eabi/lib/thumb/v7-m/nofp\libc_nano.a(lib_a-memset.o)
 .ARM.attributes
                0x0000030e       0x2d c:/users/84935/stm32f103c8t6/tools/gcc-arm-none-eabi-10.3-2021.10-win32/gcc-arm-none-eabi-10.3-2021.10/bin/../lib/gcc/arm-none-eabi/10.3.1/../../../../arm-none-eabi/lib/thumb/v7-m/nofp\libc_nano.a(lib_a-sprintf.o)
 .ARM.attributes
                0x0000033b       0x17 c:/users/84935/stm32f103c8t6/tools/gcc-arm-none-eabi-10.3-2021.10-win32/gcc-arm-none-eabi-10.3-2021.10/bin/../lib/gcc/arm-none-eabi/10.3.1/../../../../arm-none-eabi/lib/thumb/v7-m/nofp\libc_nano.a(lib_a-strlen.o)
 .ARM.attributes
                0x00000352       0x2d c:/users/84935/stm32f103c8t6/tools/gcc-arm-none-eabi-10.3-2021.10-win32/gcc-arm-none-eabi-10.3-2021.10/bin/../lib/gcc/arm-none-eabi/10.3.1/../../../../arm-none-eabi/lib/thumb/v7-m/nofp\libc_nano.a(lib_a-strtol.o)
 .ARM.attributes
                0x0000037f       0x2d c:/users/84935/stm32f103c8t6/tools/gcc-arm-none-eabi-10.3-2021.10-win32/gcc-arm-none-eabi-10.3-2021.10/bin/../lib/gcc/arm-none-eabi/10.3.1/../../../../arm-none-eabi/lib/thumb/v7-m/nofp\libc_nano.a(lib_a-ctype_.o)
 .ARM.attributes
                0x000003ac       0x2d c:/users/84935/stm32f103c8t6/tools/gcc-arm-none-eabi-10.3-2021.10-win32/gcc-arm-none-eabi-10.3-2021.10/bin/../lib/gcc/arm-none-eabi/10.3.1/../../../../arm-none-eabi/lib/thumb/v7-m/nofp\libc_nano.a(lib_a-errno.o)
 .ARM.attributes
                0x000003d9       0x2d c:/users/84935/stm32f103c8t6/tools/gcc-arm-none-eabi-10.3-2021.10-win32/gcc-arm-none-eabi-10.3-2021.10/bin/../lib/gcc/arm-none-eabi/10.3.1/../../../../arm-none-eabi/lib/thumb/v7-m/nofp\libc_nano.a(lib_a-nano-svfprintf.o)
 .ARM.attributes
                0x00000406       0x2d c:/users/84935/stm32f103c8t6/tools/gcc-arm-none-eabi-10.3-2021.10-win32/gcc-arm-none-eabi-10.3-2021.10/bin/../lib/gcc/arm-none-eabi/10.3.1/../../../../arm-none-eabi/lib/thumb/v7-m/nofp\libc_nano.a(lib_a-nano-vfprintf_i.o)
 .ARM.attributes
                0x00000433       0x2d c:/users/84935/stm32f103c8t6/tools/gcc-arm-none-eabi-10.3-2021.10-win32/gcc-arm-none-eabi-10.3-2021.10/bin/../lib/gcc/arm-none-eabi/10.3.1/../../../../arm-none-eabi/lib/thumb/v7-m/nofp\libc_nano.a(lib_a-memchr-stub.o)
 .ARM.attributes
                0x00000460       0x2d c:/users/84935/stm32f103c8t6/tools/gcc-arm-none-eabi-10.3-2021.10-win32/gcc-arm-none-eabi-10.3-2021.10/bin/../lib/gcc/arm-none-eabi/10.3.1/../../../../arm-none-eabi/lib/thumb/v7-m/nofp\libc_nano.a(lib_a-memcpy-stub.o)
 .ARM.attributes
                0x0000048d       0x2d c:/users/84935/stm32f103c8t6/tools/gcc-arm-none-eabi-10.3-2021.10-win32/gcc-arm-none-eabi-10.3-2021.10/bin/../lib/gcc/arm-none-eabi/10.3.1/../../../../arm-none-eabi/lib/thumb/v7-m/nofp\libc_nano.a(lib_a-memmove.o)
 .ARM.attributes
                0x000004ba       0x2d c:/users/84935/stm32f103c8t6/tools/gcc-arm-none-eabi-10.3-2021.10-win32/gcc-arm-none-eabi-10.3-2021.10/bin/../lib/gcc/arm-none-eabi/10.3.1/../../../../arm-none-eabi/lib/thumb/v7-m/nofp\libc_nano.a(lib_a-nano-freer.o)
 .ARM.attributes
                0x000004e7       0x2d c:/users/84935/stm32f103c8t6/tools/gcc-arm-none-eabi-10.3-2021.10-win32/gcc-arm-none-eabi-10.3-2021.10/bin/../lib/gcc/arm-none-eabi/10.3.1/../../../../arm-none-eabi/lib/thumb/v7-m/nofp\libc_nano.a(lib_a-nano-mallocr.o)
 .ARM.attributes
                0x00000514       0x2d c:/users/84935/stm32f103c8t6/tools/gcc-arm-none-eabi-10.3-2021.10-win32/gcc-arm-none-eabi-10.3-2021.10/bin/../lib/gcc/arm-none-eabi/10.3.1/../../../../arm-none-eabi/lib/thumb/v7-m/nofp\libc_nano.a(lib_a-nano-reallocr.o)
 .ARM.attributes
                0x00000541       0x2d c:/users/84935/stm32f103c8t6/tools/gcc-arm-none-eabi-10.3-2021.10-win32/gcc-arm-none-eabi-10.3-2021.10/bin/../lib/gcc/arm-none-eabi/10.3.1/../../../../arm-none-eabi/lib/thumb/v7-m/nofp\libc_nano.a(lib_a-sbrkr.o)
 .ARM.attributes
                0x0000056e       0x2d c:/users/84935/stm32f103c8t6/tools/gcc-arm-none-eabi-10.3-2021.10-win32/gcc-arm-none-eabi-10.3-2021.10/bin/../lib/gcc/arm-none-eabi/10.3.1/../../../../arm-none-eabi/lib/thumb/v7-m/nofp\libc_nano.a(lib_a-mlock.o)
 .ARM.attributes
                0x0000059b       0x2d c:/users/84935/stm32f103c8t6/tools/gcc-arm-none-eabi-10.3-2021.10-win32/gcc-arm-none-eabi-10.3-2021.10/bin/../lib/gcc/arm-none-eabi/10.3.1/../../../../arm-none-eabi/lib/thumb/v7-m/nofp\libc_nano.a(lib_a-nano-msizer.o)
 .ARM.attributes
                0x000005c8       0x2d c:/users/84935/stm32f103c8t6/tools/gcc-arm-none-eabi-10.3-2021.10-win32/gcc-arm-none-eabi-10.3-2021.10/bin/../lib/gcc/arm-none-eabi/10.3.1/../../../../arm-none-eabi/lib/thumb/v7-m/nofp\libc_nano.a(lib_a-reent.o)
 .ARM.attributes
                0x000005f5       0x2d c:/users/84935/stm32f103c8t6/tools/gcc-arm-none-eabi-10.3-2021.10-win32/gcc-arm-none-eabi-10.3-2021.10/bin/../lib/gcc/arm-none-eabi/10.3.1/../../../../arm-none-eabi/lib/thumb/v7-m/nofp\libc_nano.a(lib_a-lock.o)
 .ARM.attributes
                0x00000622       0x2d c:/users/84935/stm32f103c8t6/tools/gcc-arm-none-eabi-10.3-2021.10-win32/gcc-arm-none-eabi-10.3-2021.10/bin/../lib/gcc/arm-none-eabi/10.3.1/../../../../arm-none-eabi/lib/thumb/v7-m/nofp\libnosys.a(sbrk.o)
 .ARM.attributes
                0x0000064f       0x1d c:/users/84935/stm32f103c8t6/tools/gcc-arm-none-eabi-10.3-2021.10-win32/gcc-arm-none-eabi-10.3-2021.10/bin/../lib/gcc/arm-none-eabi/10.3.1/thumb/v7-m/nofp\libgcc.a(_arm_addsubdf3.o)
 .ARM.attributes
                0x0000066c       0x1d c:/users/84935/stm32f103c8t6/tools/gcc-arm-none-eabi-10.3-2021.10-win32/gcc-arm-none-eabi-10.3-2021.10/bin/../lib/gcc/arm-none-eabi/10.3.1/thumb/v7-m/nofp\libgcc.a(_arm_muldivdf3.o)
 .ARM.attributes
                0x00000689       0x1d c:/users/84935/stm32f103c8t6/tools/gcc-arm-none-eabi-10.3-2021.10-win32/gcc-arm-none-eabi-10.3-2021.10/bin/../lib/gcc/arm-none-eabi/10.3.1/thumb/v7-m/nofp\libgcc.a(_arm_fixunsdfsi.o)
 .ARM.attributes
                0x000006a6       0x1d c:/users/84935/stm32f103c8t6/tools/gcc-arm-none-eabi-10.3-2021.10-win32/gcc-arm-none-eabi-10.3-2021.10/bin/../lib/gcc/arm-none-eabi/10.3.1/thumb/v7-m/nofp/crtn.o
OUTPUT(build/STM32F103C8T6_StepMotor.elf elf32-littlearm)
LOAD linker stubs
LOAD c:/users/84935/stm32f103c8t6/tools/gcc-arm-none-eabi-10.3-2021.10-win32/gcc-arm-none-eabi-10.3-2021.10/bin/../lib/gcc/arm-none-eabi/10.3.1/../../../../arm-none-eabi/lib/thumb/v7-m/nofp\libc.a
LOAD c:/users/84935/stm32f103c8t6/tools/gcc-arm-none-eabi-10.3-2021.10-win32/gcc-arm-none-eabi-10.3-2021.10/bin/../lib/gcc/arm-none-eabi/10.3.1/../../../../arm-none-eabi/lib/thumb/v7-m/nofp\libm.a
LOAD c:/users/84935/stm32f103c8t6/tools/gcc-arm-none-eabi-10.3-2021.10-win32/gcc-arm-none-eabi-10.3-2021.10/bin/../lib/gcc/arm-none-eabi/10.3.1/thumb/v7-m/nofp\libgcc.a

.debug_info     0x00000000     0xa32f
 .debug_info    0x00000000     0x10bf build/main.o
 .debug_info    0x000010bf      0x76b build/stm32f1xx_it.o
 .debug_info    0x0000182a      0xafd build/stm32f1xx_hal_msp.o
 .debug_info    0x00002327     0x43a1 build/stm32f1xx_hal_uart.o
 .debug_info    0x000066c8      0x855 build/stm32f1xx_hal.o
 .debug_info    0x00006f1d      0xaf0 build/stm32f1xx_hal_rcc.o
 .debug_info    0x00007a0d      0x6d7 build/stm32f1xx_hal_gpio.o
 .debug_info    0x000080e4      0x8c0 build/stm32f1xx_hal_dma.o
 .debug_info    0x000089a4      0xe2d build/stm32f1xx_hal_cortex.o
 .debug_info    0x000097d1      0x26e build/system_stm32f1xx.o
 .debug_info    0x00009a3f      0x8ce build/StepMotor.o
 .debug_info    0x0000a30d       0x22 build/startup_stm32f103xb.o

.debug_abbrev   0x00000000     0x18f4
 .debug_abbrev  0x00000000      0x296 build/main.o
 .debug_abbrev  0x00000296      0x189 build/stm32f1xx_it.o
 .debug_abbrev  0x0000041f      0x1cf build/stm32f1xx_hal_msp.o
 .debug_abbrev  0x000005ee      0x334 build/stm32f1xx_hal_uart.o
 .debug_abbrev  0x00000922      0x1f7 build/stm32f1xx_hal.o
 .debug_abbrev  0x00000b19      0x2b8 build/stm32f1xx_hal_rcc.o
 .debug_abbrev  0x00000dd1      0x222 build/stm32f1xx_hal_gpio.o
 .debug_abbrev  0x00000ff3      0x244 build/stm32f1xx_hal_dma.o
 .debug_abbrev  0x00001237      0x359 build/stm32f1xx_hal_cortex.o
 .debug_abbrev  0x00001590      0x140 build/system_stm32f1xx.o
 .debug_abbrev  0x000016d0      0x212 build/StepMotor.o
 .debug_abbrev  0x000018e2       0x12 build/startup_stm32f103xb.o

.debug_loc      0x00000000     0x76c4
 .debug_loc     0x00000000      0x270 build/main.o
 .debug_loc     0x00000270       0x80 build/stm32f1xx_it.o
 .debug_loc     0x000002f0      0x101 build/stm32f1xx_hal_msp.o
 .debug_loc     0x000003f1     0x4ebf build/stm32f1xx_hal_uart.o
 .debug_loc     0x000052b0      0x1e1 build/stm32f1xx_hal.o
 .debug_loc     0x00005491      0x790 build/stm32f1xx_hal_rcc.o
 .debug_loc     0x00005c21      0x551 build/stm32f1xx_hal_gpio.o
 .debug_loc     0x00006172      0x901 build/stm32f1xx_hal_dma.o
 .debug_loc     0x00006a73      0x77f build/stm32f1xx_hal_cortex.o
 .debug_loc     0x000071f2       0xff build/system_stm32f1xx.o
 .debug_loc     0x000072f1      0x3d3 build/StepMotor.o

.debug_aranges  0x00000000      0x680
 .debug_aranges
                0x00000000       0x60 build/main.o
 .debug_aranges
                0x00000060       0x78 build/stm32f1xx_it.o
 .debug_aranges
                0x000000d8       0x30 build/stm32f1xx_hal_msp.o
 .debug_aranges
                0x00000108      0x208 build/stm32f1xx_hal_uart.o
 .debug_aranges
                0x00000310       0xe0 build/stm32f1xx_hal.o
 .debug_aranges
                0x000003f0       0x90 build/stm32f1xx_hal_rcc.o
 .debug_aranges
                0x00000480       0x58 build/stm32f1xx_hal_gpio.o
 .debug_aranges
                0x000004d8       0x80 build/stm32f1xx_hal_dma.o
 .debug_aranges
                0x00000558       0x90 build/stm32f1xx_hal_cortex.o
 .debug_aranges
                0x000005e8       0x28 build/system_stm32f1xx.o
 .debug_aranges
                0x00000610       0x48 build/StepMotor.o
 .debug_aranges
                0x00000658       0x28 build/startup_stm32f103xb.o

.debug_ranges   0x00000000      0x660
 .debug_ranges  0x00000000       0x50 build/main.o
 .debug_ranges  0x00000050       0x68 build/stm32f1xx_it.o
 .debug_ranges  0x000000b8       0x20 build/stm32f1xx_hal_msp.o
 .debug_ranges  0x000000d8      0x210 build/stm32f1xx_hal_uart.o
 .debug_ranges  0x000002e8       0xd0 build/stm32f1xx_hal.o
 .debug_ranges  0x000003b8       0xa0 build/stm32f1xx_hal_rcc.o
 .debug_ranges  0x00000458       0x48 build/stm32f1xx_hal_gpio.o
 .debug_ranges  0x000004a0       0x70 build/stm32f1xx_hal_dma.o
 .debug_ranges  0x00000510       0xe0 build/stm32f1xx_hal_cortex.o
 .debug_ranges  0x000005f0       0x18 build/system_stm32f1xx.o
 .debug_ranges  0x00000608       0x38 build/StepMotor.o
 .debug_ranges  0x00000640       0x20 build/startup_stm32f103xb.o

.debug_line     0x00000000     0x82c8
 .debug_line    0x00000000      0x61c build/main.o
 .debug_line    0x0000061c      0x382 build/stm32f1xx_it.o
 .debug_line    0x0000099e      0x36b build/stm32f1xx_hal_msp.o
 .debug_line    0x00000d09     0x43ef build/stm32f1xx_hal_uart.o
 .debug_line    0x000050f8      0x57a build/stm32f1xx_hal.o
 .debug_line    0x00005672      0xc6a build/stm32f1xx_hal_rcc.o
 .debug_line    0x000062dc      0x62d build/stm32f1xx_hal_gpio.o
 .debug_line    0x00006909      0xaa6 build/stm32f1xx_hal_dma.o
 .debug_line    0x000073af      0x685 build/stm32f1xx_hal_cortex.o
 .debug_line    0x00007a34      0x292 build/system_stm32f1xx.o
 .debug_line    0x00007cc6      0x58e build/StepMotor.o
 .debug_line    0x00008254       0x74 build/startup_stm32f103xb.o

.debug_str      0x00000000     0x20ad
 .debug_str     0x00000000      0xbb3 build/main.o
                                0xc5c (size before relaxing)
 .debug_str     0x00000bb3      0x132 build/stm32f1xx_it.o
                                0x6aa (size before relaxing)
 .debug_str     0x00000ce5       0x8d build/stm32f1xx_hal_msp.o
                                0x9cc (size before relaxing)
 .debug_str     0x00000d72      0x665 build/stm32f1xx_hal_uart.o
                                0xcda (size before relaxing)
 .debug_str     0x000013d7      0x2f3 build/stm32f1xx_hal.o
                                0x80a (size before relaxing)
 .debug_str     0x000016ca      0x1d8 build/stm32f1xx_hal_rcc.o
                                0x611 (size before relaxing)
 .debug_str     0x000018a2      0x10c build/stm32f1xx_hal_gpio.o
                                0x3e6 (size before relaxing)
 .debug_str     0x000019ae      0x1c7 build/stm32f1xx_hal_dma.o
                                0x5e3 (size before relaxing)
 .debug_str     0x00001b75      0x395 build/stm32f1xx_hal_cortex.o
                                0x8b9 (size before relaxing)
 .debug_str     0x00001f0a       0x4f build/system_stm32f1xx.o
                                0x23a (size before relaxing)
 .debug_str     0x00001f59      0x130 build/StepMotor.o
                                0x372 (size before relaxing)
 .debug_str     0x00002089       0x24 build/startup_stm32f103xb.o
                                 0x59 (size before relaxing)

.comment        0x00000000       0x49
 .comment       0x00000000       0x49 build/main.o
                                 0x4a (size before relaxing)
 .comment       0x00000049       0x4a build/stm32f1xx_it.o
 .comment       0x00000049       0x4a build/stm32f1xx_hal_msp.o
 .comment       0x00000049       0x4a build/stm32f1xx_hal_uart.o
 .comment       0x00000049       0x4a build/stm32f1xx_hal.o
 .comment       0x00000049       0x4a build/stm32f1xx_hal_rcc.o
 .comment       0x00000049       0x4a build/stm32f1xx_hal_gpio.o
 .comment       0x00000049       0x4a build/stm32f1xx_hal_dma.o
 .comment       0x00000049       0x4a build/stm32f1xx_hal_cortex.o
 .comment       0x00000049       0x4a build/system_stm32f1xx.o
 .comment       0x00000049       0x4a build/StepMotor.o

.debug_frame    0x00000000     0x15f4
 .debug_frame   0x00000000      0x100 build/main.o
 .debug_frame   0x00000100       0xf0 build/stm32f1xx_it.o
 .debug_frame   0x000001f0       0x64 build/stm32f1xx_hal_msp.o
 .debug_frame   0x00000254      0x5d8 build/stm32f1xx_hal_uart.o
 .debug_frame   0x0000082c      0x1cc build/stm32f1xx_hal.o
 .debug_frame   0x000009f8      0x184 build/stm32f1xx_hal_rcc.o
 .debug_frame   0x00000b7c       0xe4 build/stm32f1xx_hal_gpio.o
 .debug_frame   0x00000c60      0x144 build/stm32f1xx_hal_dma.o
 .debug_frame   0x00000da4      0x118 build/stm32f1xx_hal_cortex.o
 .debug_frame   0x00000ebc       0x30 build/system_stm32f1xx.o
 .debug_frame   0x00000eec       0xac build/StepMotor.o
 .debug_frame   0x00000f98       0x30 c:/users/84935/stm32f103c8t6/tools/gcc-arm-none-eabi-10.3-2021.10-win32/gcc-arm-none-eabi-10.3-2021.10/bin/../lib/gcc/arm-none-eabi/10.3.1/../../../../arm-none-eabi/lib/thumb/v7-m/nofp\libc_nano.a(lib_a-atoi.o)
 .debug_frame   0x00000fc8       0x2c c:/users/84935/stm32f103c8t6/tools/gcc-arm-none-eabi-10.3-2021.10-win32/gcc-arm-none-eabi-10.3-2021.10/bin/../lib/gcc/arm-none-eabi/10.3.1/../../../../arm-none-eabi/lib/thumb/v7-m/nofp\libc_nano.a(lib_a-init.o)
 .debug_frame   0x00000ff4       0x20 c:/users/84935/stm32f103c8t6/tools/gcc-arm-none-eabi-10.3-2021.10-win32/gcc-arm-none-eabi-10.3-2021.10/bin/../lib/gcc/arm-none-eabi/10.3.1/../../../../arm-none-eabi/lib/thumb/v7-m/nofp\libc_nano.a(lib_a-memset.o)
 .debug_frame   0x00001014       0x6c c:/users/84935/stm32f103c8t6/tools/gcc-arm-none-eabi-10.3-2021.10-win32/gcc-arm-none-eabi-10.3-2021.10/bin/../lib/gcc/arm-none-eabi/10.3.1/../../../../arm-none-eabi/lib/thumb/v7-m/nofp\libc_nano.a(lib_a-sprintf.o)
 .debug_frame   0x00001080       0x64 c:/users/84935/stm32f103c8t6/tools/gcc-arm-none-eabi-10.3-2021.10-win32/gcc-arm-none-eabi-10.3-2021.10/bin/../lib/gcc/arm-none-eabi/10.3.1/../../../../arm-none-eabi/lib/thumb/v7-m/nofp\libc_nano.a(lib_a-strtol.o)
 .debug_frame   0x000010e4       0x20 c:/users/84935/stm32f103c8t6/tools/gcc-arm-none-eabi-10.3-2021.10-win32/gcc-arm-none-eabi-10.3-2021.10/bin/../lib/gcc/arm-none-eabi/10.3.1/../../../../arm-none-eabi/lib/thumb/v7-m/nofp\libc_nano.a(lib_a-errno.o)
 .debug_frame   0x00001104       0x90 c:/users/84935/stm32f103c8t6/tools/gcc-arm-none-eabi-10.3-2021.10-win32/gcc-arm-none-eabi-10.3-2021.10/bin/../lib/gcc/arm-none-eabi/10.3.1/../../../../arm-none-eabi/lib/thumb/v7-m/nofp\libc_nano.a(lib_a-nano-svfprintf.o)
 .debug_frame   0x00001194       0x60 c:/users/84935/stm32f103c8t6/tools/gcc-arm-none-eabi-10.3-2021.10-win32/gcc-arm-none-eabi-10.3-2021.10/bin/../lib/gcc/arm-none-eabi/10.3.1/../../../../arm-none-eabi/lib/thumb/v7-m/nofp\libc_nano.a(lib_a-nano-vfprintf_i.o)
 .debug_frame   0x000011f4       0x28 c:/users/84935/stm32f103c8t6/tools/gcc-arm-none-eabi-10.3-2021.10-win32/gcc-arm-none-eabi-10.3-2021.10/bin/../lib/gcc/arm-none-eabi/10.3.1/../../../../arm-none-eabi/lib/thumb/v7-m/nofp\libc_nano.a(lib_a-memchr-stub.o)
 .debug_frame   0x0000121c       0x28 c:/users/84935/stm32f103c8t6/tools/gcc-arm-none-eabi-10.3-2021.10-win32/gcc-arm-none-eabi-10.3-2021.10/bin/../lib/gcc/arm-none-eabi/10.3.1/../../../../arm-none-eabi/lib/thumb/v7-m/nofp\libc_nano.a(lib_a-memcpy-stub.o)
 .debug_frame   0x00001244       0x28 c:/users/84935/stm32f103c8t6/tools/gcc-arm-none-eabi-10.3-2021.10-win32/gcc-arm-none-eabi-10.3-2021.10/bin/../lib/gcc/arm-none-eabi/10.3.1/../../../../arm-none-eabi/lib/thumb/v7-m/nofp\libc_nano.a(lib_a-memmove.o)
 .debug_frame   0x0000126c       0x38 c:/users/84935/stm32f103c8t6/tools/gcc-arm-none-eabi-10.3-2021.10-win32/gcc-arm-none-eabi-10.3-2021.10/bin/../lib/gcc/arm-none-eabi/10.3.1/../../../../arm-none-eabi/lib/thumb/v7-m/nofp\libc_nano.a(lib_a-nano-freer.o)
 .debug_frame   0x000012a4       0x4c c:/users/84935/stm32f103c8t6/tools/gcc-arm-none-eabi-10.3-2021.10-win32/gcc-arm-none-eabi-10.3-2021.10/bin/../lib/gcc/arm-none-eabi/10.3.1/../../../../arm-none-eabi/lib/thumb/v7-m/nofp\libc_nano.a(lib_a-nano-mallocr.o)
 .debug_frame   0x000012f0       0x3c c:/users/84935/stm32f103c8t6/tools/gcc-arm-none-eabi-10.3-2021.10-win32/gcc-arm-none-eabi-10.3-2021.10/bin/../lib/gcc/arm-none-eabi/10.3.1/../../../../arm-none-eabi/lib/thumb/v7-m/nofp\libc_nano.a(lib_a-nano-reallocr.o)
 .debug_frame   0x0000132c       0x2c c:/users/84935/stm32f103c8t6/tools/gcc-arm-none-eabi-10.3-2021.10-win32/gcc-arm-none-eabi-10.3-2021.10/bin/../lib/gcc/arm-none-eabi/10.3.1/../../../../arm-none-eabi/lib/thumb/v7-m/nofp\libc_nano.a(lib_a-sbrkr.o)
 .debug_frame   0x00001358       0x30 c:/users/84935/stm32f103c8t6/tools/gcc-arm-none-eabi-10.3-2021.10-win32/gcc-arm-none-eabi-10.3-2021.10/bin/../lib/gcc/arm-none-eabi/10.3.1/../../../../arm-none-eabi/lib/thumb/v7-m/nofp\libc_nano.a(lib_a-mlock.o)
 .debug_frame   0x00001388       0x20 c:/users/84935/stm32f103c8t6/tools/gcc-arm-none-eabi-10.3-2021.10-win32/gcc-arm-none-eabi-10.3-2021.10/bin/../lib/gcc/arm-none-eabi/10.3.1/../../../../arm-none-eabi/lib/thumb/v7-m/nofp\libc_nano.a(lib_a-nano-msizer.o)
 .debug_frame   0x000013a8       0x5c c:/users/84935/stm32f103c8t6/tools/gcc-arm-none-eabi-10.3-2021.10-win32/gcc-arm-none-eabi-10.3-2021.10/bin/../lib/gcc/arm-none-eabi/10.3.1/../../../../arm-none-eabi/lib/thumb/v7-m/nofp\libc_nano.a(lib_a-reent.o)
 .debug_frame   0x00001404       0xb0 c:/users/84935/stm32f103c8t6/tools/gcc-arm-none-eabi-10.3-2021.10-win32/gcc-arm-none-eabi-10.3-2021.10/bin/../lib/gcc/arm-none-eabi/10.3.1/../../../../arm-none-eabi/lib/thumb/v7-m/nofp\libc_nano.a(lib_a-lock.o)
 .debug_frame   0x000014b4       0x20 c:/users/84935/stm32f103c8t6/tools/gcc-arm-none-eabi-10.3-2021.10-win32/gcc-arm-none-eabi-10.3-2021.10/bin/../lib/gcc/arm-none-eabi/10.3.1/../../../../arm-none-eabi/lib/thumb/v7-m/nofp\libnosys.a(sbrk.o)
 .debug_frame   0x000014d4       0xac c:/users/84935/stm32f103c8t6/tools/gcc-arm-none-eabi-10.3-2021.10-win32/gcc-arm-none-eabi-10.3-2021.10/bin/../lib/gcc/arm-none-eabi/10.3.1/thumb/v7-m/nofp\libgcc.a(_arm_addsubdf3.o)
 .debug_frame   0x00001580       0x50 c:/users/84935/stm32f103c8t6/tools/gcc-arm-none-eabi-10.3-2021.10-win32/gcc-arm-none-eabi-10.3-2021.10/bin/../lib/gcc/arm-none-eabi/10.3.1/thumb/v7-m/nofp\libgcc.a(_arm_muldivdf3.o)
 .debug_frame   0x000015d0       0x24 c:/users/84935/stm32f103c8t6/tools/gcc-arm-none-eabi-10.3-2021.10-win32/gcc-arm-none-eabi-10.3-2021.10/bin/../lib/gcc/arm-none-eabi/10.3.1/thumb/v7-m/nofp\libgcc.a(_arm_fixunsdfsi.o)

Cross Reference Table

Symbol                                            File
ADC1_2_IRQHandler                                 build/startup_stm32f103xb.o
AHBPrescTable                                     build/system_stm32f1xx.o
                                                  build/stm32f1xx_hal_rcc.o
APBPrescTable                                     build/system_stm32f1xx.o
                                                  build/stm32f1xx_hal_rcc.o
BusFault_Handler                                  build/stm32f1xx_it.o
CAN1_RX1_IRQHandler                               build/startup_stm32f103xb.o
CAN1_SCE_IRQHandler                               build/startup_stm32f103xb.o
DMA1_Channel1_IRQHandler                          build/startup_stm32f103xb.o
DMA1_Channel2_IRQHandler                          build/startup_stm32f103xb.o
DMA1_Channel3_IRQHandler                          build/startup_stm32f103xb.o
DMA1_Channel4_IRQHandler                          build/startup_stm32f103xb.o
DMA1_Channel5_IRQHandler                          build/stm32f1xx_it.o
DMA1_Channel6_IRQHandler                          build/startup_stm32f103xb.o
DMA1_Channel7_IRQHandler                          build/startup_stm32f103xb.o
DWT_Delay_Init                                    build/DWT_Delay.o
DebugMon_Handler                                  build/stm32f1xx_it.o
Default_Handler                                   build/startup_stm32f103xb.o
EXTI0_IRQHandler                                  build/startup_stm32f103xb.o
EXTI15_10_IRQHandler                              build/startup_stm32f103xb.o
EXTI1_IRQHandler                                  build/startup_stm32f103xb.o
EXTI2_IRQHandler                                  build/startup_stm32f103xb.o
EXTI3_IRQHandler                                  build/startup_stm32f103xb.o
EXTI4_IRQHandler                                  build/startup_stm32f103xb.o
EXTI9_5_IRQHandler                                build/stm32f1xx_it.o
Error_Handler                                     build/main.o
                                                  build/stm32f1xx_hal_msp.o
FLASH_IRQHandler                                  build/startup_stm32f103xb.o
FLASH_PageErase                                   build/stm32f1xx_hal_flash_ex.o
                                                  build/stm32f1xx_hal_flash.o
FLASH_WaitForLastOperation                        build/stm32f1xx_hal_flash.o
                                                  build/stm32f1xx_hal_flash_ex.o
HAL_DBGMCU_DisableDBGSleepMode                    build/stm32f1xx_hal.o
HAL_DBGMCU_DisableDBGStandbyMode                  build/stm32f1xx_hal.o
HAL_DBGMCU_DisableDBGStopMode                     build/stm32f1xx_hal.o
HAL_DBGMCU_EnableDBGSleepMode                     build/stm32f1xx_hal.o
HAL_DBGMCU_EnableDBGStandbyMode                   build/stm32f1xx_hal.o
HAL_DBGMCU_EnableDBGStopMode                      build/stm32f1xx_hal.o
HAL_DMA_Abort                                     build/stm32f1xx_hal_dma.o
                                                  build/stm32f1xx_hal_uart.o
HAL_DMA_Abort_IT                                  build/stm32f1xx_hal_dma.o
                                                  build/stm32f1xx_hal_uart.o
HAL_DMA_DeInit                                    build/stm32f1xx_hal_dma.o
                                                  build/stm32f1xx_hal_msp.o
HAL_DMA_GetError                                  build/stm32f1xx_hal_dma.o
                                                  build/stm32f1xx_hal_uart.o
HAL_DMA_GetState                                  build/stm32f1xx_hal_dma.o
HAL_DMA_IRQHandler                                build/stm32f1xx_hal_dma.o
                                                  build/stm32f1xx_it.o
HAL_DMA_Init                                      build/stm32f1xx_hal_dma.o
                                                  build/stm32f1xx_hal_msp.o
HAL_DMA_PollForTransfer                           build/stm32f1xx_hal_dma.o
HAL_DMA_RegisterCallback                          build/stm32f1xx_hal_dma.o
HAL_DMA_Start                                     build/stm32f1xx_hal_dma.o
HAL_DMA_Start_IT                                  build/stm32f1xx_hal_dma.o
                                                  build/stm32f1xx_hal_uart.o
HAL_DMA_UnRegisterCallback                        build/stm32f1xx_hal_dma.o
HAL_DeInit                                        build/stm32f1xx_hal.o
HAL_Delay                                         build/stm32f1xx_hal.o
HAL_EXTI_ClearConfigLine                          build/stm32f1xx_hal_exti.o
HAL_EXTI_ClearPending                             build/stm32f1xx_hal_exti.o
HAL_EXTI_GenerateSWI                              build/stm32f1xx_hal_exti.o
HAL_EXTI_GetConfigLine                            build/stm32f1xx_hal_exti.o
HAL_EXTI_GetHandle                                build/stm32f1xx_hal_exti.o
HAL_EXTI_GetPending                               build/stm32f1xx_hal_exti.o
HAL_EXTI_IRQHandler                               build/stm32f1xx_hal_exti.o
HAL_EXTI_RegisterCallback                         build/stm32f1xx_hal_exti.o
HAL_EXTI_SetConfigLine                            build/stm32f1xx_hal_exti.o
HAL_FLASHEx_Erase                                 build/stm32f1xx_hal_flash_ex.o
HAL_FLASHEx_Erase_IT                              build/stm32f1xx_hal_flash_ex.o
HAL_FLASHEx_OBErase                               build/stm32f1xx_hal_flash_ex.o
HAL_FLASHEx_OBGetConfig                           build/stm32f1xx_hal_flash_ex.o
HAL_FLASHEx_OBGetUserData                         build/stm32f1xx_hal_flash_ex.o
HAL_FLASHEx_OBProgram                             build/stm32f1xx_hal_flash_ex.o
HAL_FLASH_EndOfOperationCallback                  build/stm32f1xx_hal_flash.o
HAL_FLASH_GetError                                build/stm32f1xx_hal_flash.o
HAL_FLASH_IRQHandler                              build/stm32f1xx_hal_flash.o
HAL_FLASH_Lock                                    build/stm32f1xx_hal_flash.o
HAL_FLASH_OB_Launch                               build/stm32f1xx_hal_flash.o
HAL_FLASH_OB_Lock                                 build/stm32f1xx_hal_flash.o
HAL_FLASH_OB_Unlock                               build/stm32f1xx_hal_flash.o
HAL_FLASH_OperationErrorCallback                  build/stm32f1xx_hal_flash.o
HAL_FLASH_Program                                 build/stm32f1xx_hal_flash.o
HAL_FLASH_Program_IT                              build/stm32f1xx_hal_flash.o
HAL_FLASH_Unlock                                  build/stm32f1xx_hal_flash.o
HAL_GPIOEx_ConfigEventout                         build/stm32f1xx_hal_gpio_ex.o
HAL_GPIOEx_DisableEventout                        build/stm32f1xx_hal_gpio_ex.o
HAL_GPIOEx_EnableEventout                         build/stm32f1xx_hal_gpio_ex.o
HAL_GPIO_DeInit                                   build/stm32f1xx_hal_gpio.o
                                                  build/stm32f1xx_hal_msp.o
HAL_GPIO_EXTI_Callback                            build/main.o
HAL_GPIO_EXTI_IRQHandler                          build/stm32f1xx_hal_gpio.o
                                                  build/stm32f1xx_it.o
HAL_GPIO_Init                                     build/stm32f1xx_hal_gpio.o
                                                  build/stm32f1xx_hal_rcc.o
                                                  build/stm32f1xx_hal_msp.o
                                                  build/main.o
HAL_GPIO_LockPin                                  build/stm32f1xx_hal_gpio.o
HAL_GPIO_ReadPin                                  build/stm32f1xx_hal_gpio.o
HAL_GPIO_TogglePin                                build/stm32f1xx_hal_gpio.o
HAL_GPIO_WritePin                                 build/stm32f1xx_hal_gpio.o
                                                  build/StepMotor.o
                                                  build/main.o
HAL_GetDEVID                                      build/stm32f1xx_hal.o
HAL_GetHalVersion                                 build/stm32f1xx_hal.o
HAL_GetREVID                                      build/stm32f1xx_hal.o
HAL_GetTick                                       build/stm32f1xx_hal.o
                                                  build/stm32f1xx_hal_flash.o
                                                  build/stm32f1xx_hal_dma.o
                                                  build/stm32f1xx_hal_rcc_ex.o
                                                  build/stm32f1xx_hal_rcc.o
                                                  build/stm32f1xx_hal_uart.o
HAL_GetTickFreq                                   build/stm32f1xx_hal.o
HAL_GetTickPrio                                   build/stm32f1xx_hal.o
HAL_GetUIDw0                                      build/stm32f1xx_hal.o
HAL_GetUIDw1                                      build/stm32f1xx_hal.o
HAL_GetUIDw2                                      build/stm32f1xx_hal.o
HAL_HalfDuplex_EnableReceiver                     build/stm32f1xx_hal_uart.o
HAL_HalfDuplex_EnableTransmitter                  build/stm32f1xx_hal_uart.o
HAL_HalfDuplex_Init                               build/stm32f1xx_hal_uart.o
HAL_IncTick                                       build/stm32f1xx_hal.o
                                                  build/stm32f1xx_it.o
HAL_Init                                          build/stm32f1xx_hal.o
                                                  build/main.o
HAL_InitTick                                      build/stm32f1xx_hal.o
                                                  build/stm32f1xx_hal_rcc.o
HAL_LIN_Init                                      build/stm32f1xx_hal_uart.o
HAL_LIN_SendBreak                                 build/stm32f1xx_hal_uart.o
HAL_MspDeInit                                     build/stm32f1xx_hal.o
HAL_MspInit                                       build/stm32f1xx_hal_msp.o
HAL_MultiProcessor_EnterMuteMode                  build/stm32f1xx_hal_uart.o
HAL_MultiProcessor_ExitMuteMode                   build/stm32f1xx_hal_uart.o
HAL_MultiProcessor_Init                           build/stm32f1xx_hal_uart.o
HAL_NVIC_ClearPendingIRQ                          build/stm32f1xx_hal_cortex.o
HAL_NVIC_DisableIRQ                               build/stm32f1xx_hal_cortex.o
                                                  build/stm32f1xx_hal_msp.o
HAL_NVIC_EnableIRQ                                build/stm32f1xx_hal_cortex.o
                                                  build/stm32f1xx_hal_msp.o
                                                  build/main.o
HAL_NVIC_GetActive                                build/stm32f1xx_hal_cortex.o
HAL_NVIC_GetPendingIRQ                            build/stm32f1xx_hal_cortex.o
HAL_NVIC_GetPriority                              build/stm32f1xx_hal_cortex.o
HAL_NVIC_GetPriorityGrouping                      build/stm32f1xx_hal_cortex.o
HAL_NVIC_SetPendingIRQ                            build/stm32f1xx_hal_cortex.o
HAL_NVIC_SetPriority                              build/stm32f1xx_hal_cortex.o
                                                  build/stm32f1xx_hal.o
                                                  build/stm32f1xx_hal_msp.o
                                                  build/main.o
HAL_NVIC_SetPriorityGrouping                      build/stm32f1xx_hal_cortex.o
                                                  build/stm32f1xx_hal.o
HAL_NVIC_SystemReset                              build/stm32f1xx_hal_cortex.o
                                                  build/stm32f1xx_hal_flash.o
HAL_PWR_ConfigPVD                                 build/stm32f1xx_hal_pwr.o
HAL_PWR_DeInit                                    build/stm32f1xx_hal_pwr.o
HAL_PWR_DisableBkUpAccess                         build/stm32f1xx_hal_pwr.o
HAL_PWR_DisablePVD                                build/stm32f1xx_hal_pwr.o
HAL_PWR_DisableSEVOnPend                          build/stm32f1xx_hal_pwr.o
HAL_PWR_DisableSleepOnExit                        build/stm32f1xx_hal_pwr.o
HAL_PWR_DisableWakeUpPin                          build/stm32f1xx_hal_pwr.o
HAL_PWR_EnableBkUpAccess                          build/stm32f1xx_hal_pwr.o
HAL_PWR_EnablePVD                                 build/stm32f1xx_hal_pwr.o
HAL_PWR_EnableSEVOnPend                           build/stm32f1xx_hal_pwr.o
HAL_PWR_EnableSleepOnExit                         build/stm32f1xx_hal_pwr.o
HAL_PWR_EnableWakeUpPin                           build/stm32f1xx_hal_pwr.o
HAL_PWR_EnterSLEEPMode                            build/stm32f1xx_hal_pwr.o
HAL_PWR_EnterSTANDBYMode                          build/stm32f1xx_hal_pwr.o
HAL_PWR_EnterSTOPMode                             build/stm32f1xx_hal_pwr.o
HAL_PWR_PVDCallback                               build/stm32f1xx_hal_pwr.o
HAL_PWR_PVD_IRQHandler                            build/stm32f1xx_hal_pwr.o
HAL_RCCEx_GetPeriphCLKConfig                      build/stm32f1xx_hal_rcc_ex.o
HAL_RCCEx_GetPeriphCLKFreq                        build/stm32f1xx_hal_rcc_ex.o
HAL_RCCEx_PeriphCLKConfig                         build/stm32f1xx_hal_rcc_ex.o
HAL_RCC_CSSCallback                               build/stm32f1xx_hal_rcc.o
HAL_RCC_ClockConfig                               build/stm32f1xx_hal_rcc.o
                                                  build/main.o
HAL_RCC_DeInit                                    build/stm32f1xx_hal_rcc.o
HAL_RCC_DisableCSS                                build/stm32f1xx_hal_rcc.o
HAL_RCC_EnableCSS                                 build/stm32f1xx_hal_rcc.o
HAL_RCC_GetClockConfig                            build/stm32f1xx_hal_rcc.o
HAL_RCC_GetHCLKFreq                               build/stm32f1xx_hal_rcc.o
                                                  build/StepMotor.o
HAL_RCC_GetOscConfig                              build/stm32f1xx_hal_rcc.o
HAL_RCC_GetPCLK1Freq                              build/stm32f1xx_hal_rcc.o
                                                  build/stm32f1xx_hal_uart.o
HAL_RCC_GetPCLK2Freq                              build/stm32f1xx_hal_rcc.o
                                                  build/stm32f1xx_hal_rcc_ex.o
                                                  build/stm32f1xx_hal_uart.o
HAL_RCC_GetSysClockFreq                           build/stm32f1xx_hal_rcc.o
HAL_RCC_MCOConfig                                 build/stm32f1xx_hal_rcc.o
HAL_RCC_NMI_IRQHandler                            build/stm32f1xx_hal_rcc.o
HAL_RCC_OscConfig                                 build/stm32f1xx_hal_rcc.o
                                                  build/main.o
HAL_ResumeTick                                    build/stm32f1xx_hal.o
HAL_SYSTICK_CLKSourceConfig                       build/stm32f1xx_hal_cortex.o
HAL_SYSTICK_Callback                              build/stm32f1xx_hal_cortex.o
HAL_SYSTICK_Config                                build/stm32f1xx_hal_cortex.o
                                                  build/stm32f1xx_hal.o
HAL_SYSTICK_IRQHandler                            build/stm32f1xx_hal_cortex.o
HAL_SetTickFreq                                   build/stm32f1xx_hal.o
HAL_SuspendTick                                   build/stm32f1xx_hal.o
HAL_UARTEx_GetRxEventType                         build/stm32f1xx_hal_uart.o
HAL_UARTEx_ReceiveToIdle                          build/stm32f1xx_hal_uart.o
HAL_UARTEx_ReceiveToIdle_DMA                      build/stm32f1xx_hal_uart.o
                                                  build/main.o
HAL_UARTEx_ReceiveToIdle_IT                       build/stm32f1xx_hal_uart.o
HAL_UARTEx_RxEventCallback                        build/main.o
HAL_UART_Abort                                    build/stm32f1xx_hal_uart.o
HAL_UART_AbortCpltCallback                        build/stm32f1xx_hal_uart.o
HAL_UART_AbortReceive                             build/stm32f1xx_hal_uart.o
HAL_UART_AbortReceiveCpltCallback                 build/stm32f1xx_hal_uart.o
HAL_UART_AbortReceive_IT                          build/stm32f1xx_hal_uart.o
HAL_UART_AbortTransmit                            build/stm32f1xx_hal_uart.o
HAL_UART_AbortTransmitCpltCallback                build/stm32f1xx_hal_uart.o
HAL_UART_AbortTransmit_IT                         build/stm32f1xx_hal_uart.o
HAL_UART_Abort_IT                                 build/stm32f1xx_hal_uart.o
HAL_UART_DMAPause                                 build/stm32f1xx_hal_uart.o
HAL_UART_DMAResume                                build/stm32f1xx_hal_uart.o
HAL_UART_DMAStop                                  build/stm32f1xx_hal_uart.o
HAL_UART_DeInit                                   build/stm32f1xx_hal_uart.o
HAL_UART_ErrorCallback                            build/stm32f1xx_hal_uart.o
HAL_UART_GetError                                 build/stm32f1xx_hal_uart.o
HAL_UART_GetState                                 build/stm32f1xx_hal_uart.o
HAL_UART_IRQHandler                               build/stm32f1xx_hal_uart.o
                                                  build/stm32f1xx_it.o
HAL_UART_Init                                     build/stm32f1xx_hal_uart.o
                                                  build/main.o
HAL_UART_MspDeInit                                build/stm32f1xx_hal_msp.o
HAL_UART_MspInit                                  build/stm32f1xx_hal_msp.o
HAL_UART_Receive                                  build/stm32f1xx_hal_uart.o
HAL_UART_Receive_DMA                              build/stm32f1xx_hal_uart.o
HAL_UART_Receive_IT                               build/stm32f1xx_hal_uart.o
HAL_UART_RxCpltCallback                           build/stm32f1xx_hal_uart.o
HAL_UART_RxHalfCpltCallback                       build/stm32f1xx_hal_uart.o
HAL_UART_Transmit                                 build/stm32f1xx_hal_uart.o
                                                  build/main.o
HAL_UART_Transmit_DMA                             build/stm32f1xx_hal_uart.o
HAL_UART_Transmit_IT                              build/stm32f1xx_hal_uart.o
HAL_UART_TxCpltCallback                           build/stm32f1xx_hal_uart.o
HAL_UART_TxHalfCpltCallback                       build/stm32f1xx_hal_uart.o
HardFault_Handler                                 build/stm32f1xx_it.o
I2C1_ER_IRQHandler                                build/startup_stm32f103xb.o
I2C1_EV_IRQHandler                                build/startup_stm32f103xb.o
I2C2_ER_IRQHandler                                build/startup_stm32f103xb.o
I2C2_EV_IRQHandler                                build/startup_stm32f103xb.o
MemManage_Handler                                 build/stm32f1xx_it.o
NMI_Handler                                       build/stm32f1xx_it.o
PVD_IRQHandler                                    build/startup_stm32f103xb.o
PendSV_Handler                                    build/stm32f1xx_it.o
RCC_IRQHandler                                    build/startup_stm32f103xb.o
RTC_Alarm_IRQHandler                              build/startup_stm32f103xb.o
RTC_IRQHandler                                    build/startup_stm32f103xb.o
Reset_Handler                                     build/startup_stm32f103xb.o
SPI1_IRQHandler                                   build/startup_stm32f103xb.o
SPI2_IRQHandler                                   build/startup_stm32f103xb.o
SVC_Handler                                       build/stm32f1xx_it.o
SysTick_Handler                                   build/stm32f1xx_it.o
SystemClock_Config                                build/main.o
SystemCoreClock                                   build/system_stm32f1xx.o
                                                  build/stm32f1xx_hal_rcc.o
                                                  build/stm32f1xx_hal.o
SystemCoreClockUpdate                             build/system_stm32f1xx.o
SystemInit                                        build/system_stm32f1xx.o
                                                  build/startup_stm32f103xb.o
TAMPER_IRQHandler                                 build/startup_stm32f103xb.o
TIM1_BRK_IRQHandler                               build/startup_stm32f103xb.o
TIM1_CC_IRQHandler                                build/startup_stm32f103xb.o
TIM1_TRG_COM_IRQHandler                           build/startup_stm32f103xb.o
TIM1_UP_IRQHandler                                build/startup_stm32f103xb.o
TIM2_IRQHandler                                   build/startup_stm32f103xb.o
TIM3_IRQHandler                                   build/startup_stm32f103xb.o
TIM4_IRQHandler                                   build/startup_stm32f103xb.o
UART_Start_Receive_DMA                            build/stm32f1xx_hal_uart.o
UART_Start_Receive_IT                             build/stm32f1xx_hal_uart.o
USART1_IRQHandler                                 build/stm32f1xx_it.o
USART2_IRQHandler                                 build/startup_stm32f103xb.o
USART3_IRQHandler                                 build/startup_stm32f103xb.o
USBWakeUp_IRQHandler                              build/startup_stm32f103xb.o
USB_HP_CAN1_TX_IRQHandler                         build/startup_stm32f103xb.o
USB_LP_CAN1_RX0_IRQHandler                        build/startup_stm32f103xb.o
UsageFault_Handler                                build/stm32f1xx_it.o
WWDG_IRQHandler                                   build/startup_stm32f103xb.o
__adddf3                                          c:/users/84935/stm32f103c8t6/tools/gcc-arm-none-eabi-10.3-2021.10-win32/gcc-arm-none-eabi-10.3-2021.10/bin/../lib/gcc/arm-none-eabi/10.3.1/thumb/v7-m/nofp\libgcc.a(_arm_addsubdf3.o)
__aeabi_d2uiz                                     c:/users/84935/stm32f103c8t6/tools/gcc-arm-none-eabi-10.3-2021.10-win32/gcc-arm-none-eabi-10.3-2021.10/bin/../lib/gcc/arm-none-eabi/10.3.1/thumb/v7-m/nofp\libgcc.a(_arm_fixunsdfsi.o)
                                                  build/StepMotor.o
__aeabi_dadd                                      c:/users/84935/stm32f103c8t6/tools/gcc-arm-none-eabi-10.3-2021.10-win32/gcc-arm-none-eabi-10.3-2021.10/bin/../lib/gcc/arm-none-eabi/10.3.1/thumb/v7-m/nofp\libgcc.a(_arm_addsubdf3.o)
__aeabi_ddiv                                      c:/users/84935/stm32f103c8t6/tools/gcc-arm-none-eabi-10.3-2021.10-win32/gcc-arm-none-eabi-10.3-2021.10/bin/../lib/gcc/arm-none-eabi/10.3.1/thumb/v7-m/nofp\libgcc.a(_arm_muldivdf3.o)
                                                  build/StepMotor.o
__aeabi_dmul                                      c:/users/84935/stm32f103c8t6/tools/gcc-arm-none-eabi-10.3-2021.10-win32/gcc-arm-none-eabi-10.3-2021.10/bin/../lib/gcc/arm-none-eabi/10.3.1/thumb/v7-m/nofp\libgcc.a(_arm_muldivdf3.o)
__aeabi_drsub                                     c:/users/84935/stm32f103c8t6/tools/gcc-arm-none-eabi-10.3-2021.10-win32/gcc-arm-none-eabi-10.3-2021.10/bin/../lib/gcc/arm-none-eabi/10.3.1/thumb/v7-m/nofp\libgcc.a(_arm_addsubdf3.o)
__aeabi_dsub                                      c:/users/84935/stm32f103c8t6/tools/gcc-arm-none-eabi-10.3-2021.10-win32/gcc-arm-none-eabi-10.3-2021.10/bin/../lib/gcc/arm-none-eabi/10.3.1/thumb/v7-m/nofp\libgcc.a(_arm_addsubdf3.o)
__aeabi_f2d                                       c:/users/84935/stm32f103c8t6/tools/gcc-arm-none-eabi-10.3-2021.10-win32/gcc-arm-none-eabi-10.3-2021.10/bin/../lib/gcc/arm-none-eabi/10.3.1/thumb/v7-m/nofp\libgcc.a(_arm_addsubdf3.o)
__aeabi_i2d                                       c:/users/84935/stm32f103c8t6/tools/gcc-arm-none-eabi-10.3-2021.10-win32/gcc-arm-none-eabi-10.3-2021.10/bin/../lib/gcc/arm-none-eabi/10.3.1/thumb/v7-m/nofp\libgcc.a(_arm_addsubdf3.o)
                                                  build/StepMotor.o
__aeabi_l2d                                       c:/users/84935/stm32f103c8t6/tools/gcc-arm-none-eabi-10.3-2021.10-win32/gcc-arm-none-eabi-10.3-2021.10/bin/../lib/gcc/arm-none-eabi/10.3.1/thumb/v7-m/nofp\libgcc.a(_arm_addsubdf3.o)
__aeabi_ui2d                                      c:/users/84935/stm32f103c8t6/tools/gcc-arm-none-eabi-10.3-2021.10-win32/gcc-arm-none-eabi-10.3-2021.10/bin/../lib/gcc/arm-none-eabi/10.3.1/thumb/v7-m/nofp\libgcc.a(_arm_addsubdf3.o)
__aeabi_ul2d                                      c:/users/84935/stm32f103c8t6/tools/gcc-arm-none-eabi-10.3-2021.10-win32/gcc-arm-none-eabi-10.3-2021.10/bin/../lib/gcc/arm-none-eabi/10.3.1/thumb/v7-m/nofp\libgcc.a(_arm_addsubdf3.o)
__bss_end__                                       c:/users/84935/stm32f103c8t6/tools/gcc-arm-none-eabi-10.3-2021.10-win32/gcc-arm-none-eabi-10.3-2021.10/bin/../lib/gcc/arm-none-eabi/10.3.1/../../../../arm-none-eabi/lib/thumb/v7-m/nofp/crt0.o
__bss_start__                                     c:/users/84935/stm32f103c8t6/tools/gcc-arm-none-eabi-10.3-2021.10-win32/gcc-arm-none-eabi-10.3-2021.10/bin/../lib/gcc/arm-none-eabi/10.3.1/../../../../arm-none-eabi/lib/thumb/v7-m/nofp/crt0.o
__call_exitprocs                                  c:/users/84935/stm32f103c8t6/tools/gcc-arm-none-eabi-10.3-2021.10-win32/gcc-arm-none-eabi-10.3-2021.10/bin/../lib/gcc/arm-none-eabi/10.3.1/../../../../arm-none-eabi/lib/thumb/v7-m/nofp\libc_nano.a(lib_a-exit.o)
__deregister_frame_info                           c:/users/84935/stm32f103c8t6/tools/gcc-arm-none-eabi-10.3-2021.10-win32/gcc-arm-none-eabi-10.3-2021.10/bin/../lib/gcc/arm-none-eabi/10.3.1/thumb/v7-m/nofp/crtbegin.o
__divdf3                                          c:/users/84935/stm32f103c8t6/tools/gcc-arm-none-eabi-10.3-2021.10-win32/gcc-arm-none-eabi-10.3-2021.10/bin/../lib/gcc/arm-none-eabi/10.3.1/thumb/v7-m/nofp\libgcc.a(_arm_muldivdf3.o)
__dso_handle                                      c:/users/84935/stm32f103c8t6/tools/gcc-arm-none-eabi-10.3-2021.10-win32/gcc-arm-none-eabi-10.3-2021.10/bin/../lib/gcc/arm-none-eabi/10.3.1/thumb/v7-m/nofp/crtbegin.o
__errno                                           c:/users/84935/stm32f103c8t6/tools/gcc-arm-none-eabi-10.3-2021.10-win32/gcc-arm-none-eabi-10.3-2021.10/bin/../lib/gcc/arm-none-eabi/10.3.1/../../../../arm-none-eabi/lib/thumb/v7-m/nofp\libc_nano.a(lib_a-errno.o)
                                                  c:/users/84935/stm32f103c8t6/tools/gcc-arm-none-eabi-10.3-2021.10-win32/gcc-arm-none-eabi-10.3-2021.10/bin/../lib/gcc/arm-none-eabi/10.3.1/../../../../arm-none-eabi/lib/thumb/v7-m/nofp\libc_nano.a(lib_a-strtol.o)
__extendsfdf2                                     c:/users/84935/stm32f103c8t6/tools/gcc-arm-none-eabi-10.3-2021.10-win32/gcc-arm-none-eabi-10.3-2021.10/bin/../lib/gcc/arm-none-eabi/10.3.1/thumb/v7-m/nofp\libgcc.a(_arm_addsubdf3.o)
__fixunsdfsi                                      c:/users/84935/stm32f103c8t6/tools/gcc-arm-none-eabi-10.3-2021.10-win32/gcc-arm-none-eabi-10.3-2021.10/bin/../lib/gcc/arm-none-eabi/10.3.1/thumb/v7-m/nofp\libgcc.a(_arm_fixunsdfsi.o)
__floatdidf                                       c:/users/84935/stm32f103c8t6/tools/gcc-arm-none-eabi-10.3-2021.10-win32/gcc-arm-none-eabi-10.3-2021.10/bin/../lib/gcc/arm-none-eabi/10.3.1/thumb/v7-m/nofp\libgcc.a(_arm_addsubdf3.o)
__floatsidf                                       c:/users/84935/stm32f103c8t6/tools/gcc-arm-none-eabi-10.3-2021.10-win32/gcc-arm-none-eabi-10.3-2021.10/bin/../lib/gcc/arm-none-eabi/10.3.1/thumb/v7-m/nofp\libgcc.a(_arm_addsubdf3.o)
__floatundidf                                     c:/users/84935/stm32f103c8t6/tools/gcc-arm-none-eabi-10.3-2021.10-win32/gcc-arm-none-eabi-10.3-2021.10/bin/../lib/gcc/arm-none-eabi/10.3.1/thumb/v7-m/nofp\libgcc.a(_arm_addsubdf3.o)
__floatunsidf                                     c:/users/84935/stm32f103c8t6/tools/gcc-arm-none-eabi-10.3-2021.10-win32/gcc-arm-none-eabi-10.3-2021.10/bin/../lib/gcc/arm-none-eabi/10.3.1/thumb/v7-m/nofp\libgcc.a(_arm_addsubdf3.o)
__init_array_end                                  c:/users/84935/stm32f103c8t6/tools/gcc-arm-none-eabi-10.3-2021.10-win32/gcc-arm-none-eabi-10.3-2021.10/bin/../lib/gcc/arm-none-eabi/10.3.1/../../../../arm-none-eabi/lib/thumb/v7-m/nofp\libc_nano.a(lib_a-init.o)
__init_array_start                                c:/users/84935/stm32f103c8t6/tools/gcc-arm-none-eabi-10.3-2021.10-win32/gcc-arm-none-eabi-10.3-2021.10/bin/../lib/gcc/arm-none-eabi/10.3.1/../../../../arm-none-eabi/lib/thumb/v7-m/nofp\libc_nano.a(lib_a-init.o)
__libc_fini_array                                 c:/users/84935/stm32f103c8t6/tools/gcc-arm-none-eabi-10.3-2021.10-win32/gcc-arm-none-eabi-10.3-2021.10/bin/../lib/gcc/arm-none-eabi/10.3.1/../../../../arm-none-eabi/lib/thumb/v7-m/nofp/crt0.o
__libc_init_array                                 c:/users/84935/stm32f103c8t6/tools/gcc-arm-none-eabi-10.3-2021.10-win32/gcc-arm-none-eabi-10.3-2021.10/bin/../lib/gcc/arm-none-eabi/10.3.1/../../../../arm-none-eabi/lib/thumb/v7-m/nofp\libc_nano.a(lib_a-init.o)
                                                  build/startup_stm32f103xb.o
                                                  c:/users/84935/stm32f103c8t6/tools/gcc-arm-none-eabi-10.3-2021.10-win32/gcc-arm-none-eabi-10.3-2021.10/bin/../lib/gcc/arm-none-eabi/10.3.1/../../../../arm-none-eabi/lib/thumb/v7-m/nofp/crt0.o
__lock___arc4random_mutex                         c:/users/84935/stm32f103c8t6/tools/gcc-arm-none-eabi-10.3-2021.10-win32/gcc-arm-none-eabi-10.3-2021.10/bin/../lib/gcc/arm-none-eabi/10.3.1/../../../../arm-none-eabi/lib/thumb/v7-m/nofp\libc_nano.a(lib_a-lock.o)
__lock___at_quick_exit_mutex                      c:/users/84935/stm32f103c8t6/tools/gcc-arm-none-eabi-10.3-2021.10-win32/gcc-arm-none-eabi-10.3-2021.10/bin/../lib/gcc/arm-none-eabi/10.3.1/../../../../arm-none-eabi/lib/thumb/v7-m/nofp\libc_nano.a(lib_a-lock.o)
__lock___atexit_recursive_mutex                   c:/users/84935/stm32f103c8t6/tools/gcc-arm-none-eabi-10.3-2021.10-win32/gcc-arm-none-eabi-10.3-2021.10/bin/../lib/gcc/arm-none-eabi/10.3.1/../../../../arm-none-eabi/lib/thumb/v7-m/nofp\libc_nano.a(lib_a-lock.o)
__lock___dd_hash_mutex                            c:/users/84935/stm32f103c8t6/tools/gcc-arm-none-eabi-10.3-2021.10-win32/gcc-arm-none-eabi-10.3-2021.10/bin/../lib/gcc/arm-none-eabi/10.3.1/../../../../arm-none-eabi/lib/thumb/v7-m/nofp\libc_nano.a(lib_a-lock.o)
__lock___env_recursive_mutex                      c:/users/84935/stm32f103c8t6/tools/gcc-arm-none-eabi-10.3-2021.10-win32/gcc-arm-none-eabi-10.3-2021.10/bin/../lib/gcc/arm-none-eabi/10.3.1/../../../../arm-none-eabi/lib/thumb/v7-m/nofp\libc_nano.a(lib_a-lock.o)
__lock___malloc_recursive_mutex                   c:/users/84935/stm32f103c8t6/tools/gcc-arm-none-eabi-10.3-2021.10-win32/gcc-arm-none-eabi-10.3-2021.10/bin/../lib/gcc/arm-none-eabi/10.3.1/../../../../arm-none-eabi/lib/thumb/v7-m/nofp\libc_nano.a(lib_a-lock.o)
                                                  c:/users/84935/stm32f103c8t6/tools/gcc-arm-none-eabi-10.3-2021.10-win32/gcc-arm-none-eabi-10.3-2021.10/bin/../lib/gcc/arm-none-eabi/10.3.1/../../../../arm-none-eabi/lib/thumb/v7-m/nofp\libc_nano.a(lib_a-mlock.o)
__lock___sfp_recursive_mutex                      c:/users/84935/stm32f103c8t6/tools/gcc-arm-none-eabi-10.3-2021.10-win32/gcc-arm-none-eabi-10.3-2021.10/bin/../lib/gcc/arm-none-eabi/10.3.1/../../../../arm-none-eabi/lib/thumb/v7-m/nofp\libc_nano.a(lib_a-lock.o)
__lock___sinit_recursive_mutex                    c:/users/84935/stm32f103c8t6/tools/gcc-arm-none-eabi-10.3-2021.10-win32/gcc-arm-none-eabi-10.3-2021.10/bin/../lib/gcc/arm-none-eabi/10.3.1/../../../../arm-none-eabi/lib/thumb/v7-m/nofp\libc_nano.a(lib_a-lock.o)
__lock___tz_mutex                                 c:/users/84935/stm32f103c8t6/tools/gcc-arm-none-eabi-10.3-2021.10-win32/gcc-arm-none-eabi-10.3-2021.10/bin/../lib/gcc/arm-none-eabi/10.3.1/../../../../arm-none-eabi/lib/thumb/v7-m/nofp\libc_nano.a(lib_a-lock.o)
__malloc_free_list                                c:/users/84935/stm32f103c8t6/tools/gcc-arm-none-eabi-10.3-2021.10-win32/gcc-arm-none-eabi-10.3-2021.10/bin/../lib/gcc/arm-none-eabi/10.3.1/../../../../arm-none-eabi/lib/thumb/v7-m/nofp\libc_nano.a(lib_a-nano-mallocr.o)
                                                  c:/users/84935/stm32f103c8t6/tools/gcc-arm-none-eabi-10.3-2021.10-win32/gcc-arm-none-eabi-10.3-2021.10/bin/../lib/gcc/arm-none-eabi/10.3.1/../../../../arm-none-eabi/lib/thumb/v7-m/nofp\libc_nano.a(lib_a-nano-freer.o)
__malloc_lock                                     c:/users/84935/stm32f103c8t6/tools/gcc-arm-none-eabi-10.3-2021.10-win32/gcc-arm-none-eabi-10.3-2021.10/bin/../lib/gcc/arm-none-eabi/10.3.1/../../../../arm-none-eabi/lib/thumb/v7-m/nofp\libc_nano.a(lib_a-mlock.o)
                                                  c:/users/84935/stm32f103c8t6/tools/gcc-arm-none-eabi-10.3-2021.10-win32/gcc-arm-none-eabi-10.3-2021.10/bin/../lib/gcc/arm-none-eabi/10.3.1/../../../../arm-none-eabi/lib/thumb/v7-m/nofp\libc_nano.a(lib_a-nano-mallocr.o)
                                                  c:/users/84935/stm32f103c8t6/tools/gcc-arm-none-eabi-10.3-2021.10-win32/gcc-arm-none-eabi-10.3-2021.10/bin/../lib/gcc/arm-none-eabi/10.3.1/../../../../arm-none-eabi/lib/thumb/v7-m/nofp\libc_nano.a(lib_a-nano-freer.o)
__malloc_sbrk_start                               c:/users/84935/stm32f103c8t6/tools/gcc-arm-none-eabi-10.3-2021.10-win32/gcc-arm-none-eabi-10.3-2021.10/bin/../lib/gcc/arm-none-eabi/10.3.1/../../../../arm-none-eabi/lib/thumb/v7-m/nofp\libc_nano.a(lib_a-nano-mallocr.o)
__malloc_unlock                                   c:/users/84935/stm32f103c8t6/tools/gcc-arm-none-eabi-10.3-2021.10-win32/gcc-arm-none-eabi-10.3-2021.10/bin/../lib/gcc/arm-none-eabi/10.3.1/../../../../arm-none-eabi/lib/thumb/v7-m/nofp\libc_nano.a(lib_a-mlock.o)
                                                  c:/users/84935/stm32f103c8t6/tools/gcc-arm-none-eabi-10.3-2021.10-win32/gcc-arm-none-eabi-10.3-2021.10/bin/../lib/gcc/arm-none-eabi/10.3.1/../../../../arm-none-eabi/lib/thumb/v7-m/nofp\libc_nano.a(lib_a-nano-mallocr.o)
                                                  c:/users/84935/stm32f103c8t6/tools/gcc-arm-none-eabi-10.3-2021.10-win32/gcc-arm-none-eabi-10.3-2021.10/bin/../lib/gcc/arm-none-eabi/10.3.1/../../../../arm-none-eabi/lib/thumb/v7-m/nofp\libc_nano.a(lib_a-nano-freer.o)
__muldf3                                          c:/users/84935/stm32f103c8t6/tools/gcc-arm-none-eabi-10.3-2021.10-win32/gcc-arm-none-eabi-10.3-2021.10/bin/../lib/gcc/arm-none-eabi/10.3.1/thumb/v7-m/nofp\libgcc.a(_arm_muldivdf3.o)
__preinit_array_end                               c:/users/84935/stm32f103c8t6/tools/gcc-arm-none-eabi-10.3-2021.10-win32/gcc-arm-none-eabi-10.3-2021.10/bin/../lib/gcc/arm-none-eabi/10.3.1/../../../../arm-none-eabi/lib/thumb/v7-m/nofp\libc_nano.a(lib_a-init.o)